ago 09 10:22:07 lfgs-d77mk kernel: microcode: microcode updated early to revision 0x21, date = 2019-02-13
ago 09 10:22:07 lfgs-d77mk kernel: Linux version 6.2.0-26-generic (buildd@bos03-amd64-042) (x86_64-linux-gnu-gcc-11 (Ubuntu 11.3.0-1ubuntu1~22.04.1) 11.3.0, GNU ld (GNU Binutils for Ubuntu) 2.38) #26~22.04.1-Ubuntu SMP PREEMPT_DYNAMIC Thu Jul 13 16:27:29 UTC 2 (Ubuntu 6.2.0-26.26~22.04.1-generic 6.2.13)
ago 09 10:22:07 lfgs-d77mk kernel: Command line: BOOT_IMAGE=/boot/vmlinuz-6.2.0-26-generic root=UUID=53d19d5e-0d11-4a46-8cb0-0d19ac591d1d ro quiet splash video=VGA-1:1440x900@60 vt.handoff=7
ago 09 10:22:07 lfgs-d77mk kernel: KERNEL supported cpus:
ago 09 10:22:07 lfgs-d77mk kernel:   Intel GenuineIntel
ago 09 10:22:07 lfgs-d77mk kernel:   AMD AuthenticAMD
ago 09 10:22:07 lfgs-d77mk kernel:   Hygon HygonGenuine
ago 09 10:22:07 lfgs-d77mk kernel:   Centaur CentaurHauls
ago 09 10:22:07 lfgs-d77mk kernel:   zhaoxin   Shanghai  
ago 09 10:22:07 lfgs-d77mk kernel: x86/fpu: Supporting XSAVE feature 0x001: 'x87 floating point registers'
ago 09 10:22:07 lfgs-d77mk kernel: x86/fpu: Supporting XSAVE feature 0x002: 'SSE registers'
ago 09 10:22:07 lfgs-d77mk kernel: x86/fpu: Supporting XSAVE feature 0x004: 'AVX registers'
ago 09 10:22:07 lfgs-d77mk kernel: x86/fpu: xstate_offset[2]:  576, xstate_sizes[2]:  256
ago 09 10:22:07 lfgs-d77mk kernel: x86/fpu: Enabled xstate features 0x7, context size is 832 bytes, using 'standard' format.
ago 09 10:22:07 lfgs-d77mk kernel: signal: max sigframe size: 1776
ago 09 10:22:07 lfgs-d77mk kernel: BIOS-provided physical RAM map:
ago 09 10:22:07 lfgs-d77mk kernel: BIOS-e820: [mem 0x0000000000000000-0x000000000009d7ff] usable
ago 09 10:22:07 lfgs-d77mk kernel: BIOS-e820: [mem 0x000000000009d800-0x000000000009ffff] reserved
ago 09 10:22:07 lfgs-d77mk kernel: BIOS-e820: [mem 0x00000000000e0000-0x00000000000fffff] reserved
ago 09 10:22:07 lfgs-d77mk kernel: BIOS-e820: [mem 0x0000000000100000-0x000000001fffffff] usable
ago 09 10:22:07 lfgs-d77mk kernel: BIOS-e820: [mem 0x0000000020000000-0x00000000201fffff] reserved
ago 09 10:22:07 lfgs-d77mk kernel: BIOS-e820: [mem 0x0000000020200000-0x0000000040003fff] usable
ago 09 10:22:07 lfgs-d77mk kernel: BIOS-e820: [mem 0x0000000040004000-0x0000000040004fff] reserved
ago 09 10:22:07 lfgs-d77mk kernel: BIOS-e820: [mem 0x0000000040005000-0x00000000d5b3efff] usable
ago 09 10:22:07 lfgs-d77mk kernel: BIOS-e820: [mem 0x00000000d5b3f000-0x00000000d623cfff] reserved
ago 09 10:22:07 lfgs-d77mk kernel: BIOS-e820: [mem 0x00000000d623d000-0x00000000d624cfff] ACPI data
ago 09 10:22:07 lfgs-d77mk kernel: BIOS-e820: [mem 0x00000000d624d000-0x00000000d636cfff] ACPI NVS
ago 09 10:22:07 lfgs-d77mk kernel: BIOS-e820: [mem 0x00000000d636d000-0x00000000d667afff] reserved
ago 09 10:22:07 lfgs-d77mk kernel: BIOS-e820: [mem 0x00000000d667b000-0x00000000d667bfff] usable
ago 09 10:22:07 lfgs-d77mk kernel: BIOS-e820: [mem 0x00000000d667c000-0x00000000d66befff] ACPI NVS
ago 09 10:22:07 lfgs-d77mk kernel: BIOS-e820: [mem 0x00000000d66bf000-0x00000000d6ffffff] usable
ago 09 10:22:07 lfgs-d77mk kernel: BIOS-e820: [mem 0x00000000d7800000-0x00000000df9fffff] reserved
ago 09 10:22:07 lfgs-d77mk kernel: BIOS-e820: [mem 0x00000000f8000000-0x00000000fbffffff] reserved
ago 09 10:22:07 lfgs-d77mk kernel: BIOS-e820: [mem 0x00000000fec00000-0x00000000fec00fff] reserved
ago 09 10:22:07 lfgs-d77mk kernel: BIOS-e820: [mem 0x00000000fed00000-0x00000000fed03fff] reserved
ago 09 10:22:07 lfgs-d77mk kernel: BIOS-e820: [mem 0x00000000fed1c000-0x00000000fed1ffff] reserved
ago 09 10:22:07 lfgs-d77mk kernel: BIOS-e820: [mem 0x00000000fee00000-0x00000000fee00fff] reserved
ago 09 10:22:07 lfgs-d77mk kernel: BIOS-e820: [mem 0x00000000ff000000-0x00000000ffffffff] reserved
ago 09 10:22:07 lfgs-d77mk kernel: BIOS-e820: [mem 0x0000000100000000-0x000000021e5fffff] usable
ago 09 10:22:07 lfgs-d77mk kernel: NX (Execute Disable) protection: active
ago 09 10:22:07 lfgs-d77mk kernel: SMBIOS 2.7 present.
ago 09 10:22:07 lfgs-d77mk kernel: DMI: ByteSpeed LLC ByteSpeed Performance D77MK/DQ77MK, BIOS MKQ7710H.86A.0058.2013.0226.1541 02/26/2013
ago 09 10:22:07 lfgs-d77mk kernel: tsc: Fast TSC calibration using PIT
ago 09 10:22:07 lfgs-d77mk kernel: tsc: Detected 3192.701 MHz processor
ago 09 10:22:07 lfgs-d77mk kernel: e820: update [mem 0x00000000-0x00000fff] usable ==> reserved
ago 09 10:22:07 lfgs-d77mk kernel: e820: remove [mem 0x000a0000-0x000fffff] usable
ago 09 10:22:07 lfgs-d77mk kernel: last_pfn = 0x21e600 max_arch_pfn = 0x400000000
ago 09 10:22:07 lfgs-d77mk kernel: total RAM covered: 8030M
ago 09 10:22:07 lfgs-d77mk kernel:  gran_size: 64K         chunk_size: 64K         num_reg: 10          lose cover RAM: 102M
ago 09 10:22:07 lfgs-d77mk kernel:  gran_size: 64K         chunk_size: 128K         num_reg: 10          lose cover RAM: 102M
ago 09 10:22:07 lfgs-d77mk kernel:  gran_size: 64K         chunk_size: 256K         num_reg: 10          lose cover RAM: 102M
ago 09 10:22:07 lfgs-d77mk kernel:  gran_size: 64K         chunk_size: 512K         num_reg: 10          lose cover RAM: 102M
ago 09 10:22:07 lfgs-d77mk kernel:  gran_size: 64K         chunk_size: 1M         num_reg: 10          lose cover RAM: 102M
ago 09 10:22:07 lfgs-d77mk kernel:  gran_size: 64K         chunk_size: 2M         num_reg: 10          lose cover RAM: 102M
ago 09 10:22:07 lfgs-d77mk kernel:  gran_size: 64K         chunk_size: 4M         num_reg: 10          lose cover RAM: 102M
ago 09 10:22:07 lfgs-d77mk kernel:  gran_size: 64K         chunk_size: 8M         num_reg: 10          lose cover RAM: 102M
ago 09 10:22:07 lfgs-d77mk kernel:  gran_size: 64K         chunk_size: 16M         num_reg: 10          lose cover RAM: 6M
ago 09 10:22:07 lfgs-d77mk kernel:  gran_size: 64K         chunk_size: 32M         num_reg: 10          lose cover RAM: 0G
ago 09 10:22:07 lfgs-d77mk kernel:  gran_size: 64K         chunk_size: 64M         num_reg: 10          lose cover RAM: 0G
ago 09 10:22:07 lfgs-d77mk kernel:  gran_size: 64K         chunk_size: 128M         num_reg: 10          lose cover RAM: 0G
ago 09 10:22:07 lfgs-d77mk kernel:  gran_size: 64K         chunk_size: 256M         num_reg: 10          lose cover RAM: 0G
ago 09 10:22:07 lfgs-d77mk kernel:  gran_size: 64K         chunk_size: 512M         num_reg: 10          lose cover RAM: 0G
ago 09 10:22:07 lfgs-d77mk kernel:  gran_size: 64K         chunk_size: 1G         num_reg: 10          lose cover RAM: 0G
ago 09 10:22:07 lfgs-d77mk kernel: *BAD*gran_size: 64K         chunk_size: 2G         num_reg: 10          lose cover RAM: -1G
ago 09 10:22:07 lfgs-d77mk kernel:  gran_size: 128K         chunk_size: 128K         num_reg: 10          lose cover RAM: 102M
ago 09 10:22:07 lfgs-d77mk kernel:  gran_size: 128K         chunk_size: 256K         num_reg: 10          lose cover RAM: 102M
ago 09 10:22:07 lfgs-d77mk kernel:  gran_size: 128K         chunk_size: 512K         num_reg: 10          lose cover RAM: 102M
ago 09 10:22:07 lfgs-d77mk kernel:  gran_size: 128K         chunk_size: 1M         num_reg: 10          lose cover RAM: 102M
ago 09 10:22:07 lfgs-d77mk kernel:  gran_size: 128K         chunk_size: 2M         num_reg: 10          lose cover RAM: 102M
ago 09 10:22:07 lfgs-d77mk kernel:  gran_size: 128K         chunk_size: 4M         num_reg: 10          lose cover RAM: 102M
ago 09 10:22:07 lfgs-d77mk kernel:  gran_size: 128K         chunk_size: 8M         num_reg: 10          lose cover RAM: 102M
ago 09 10:22:07 lfgs-d77mk kernel:  gran_size: 128K         chunk_size: 16M         num_reg: 10          lose cover RAM: 6M
ago 09 10:22:07 lfgs-d77mk kernel:  gran_size: 128K         chunk_size: 32M         num_reg: 10          lose cover RAM: 0G
ago 09 10:22:07 lfgs-d77mk kernel:  gran_size: 128K         chunk_size: 64M         num_reg: 10          lose cover RAM: 0G
ago 09 10:22:07 lfgs-d77mk kernel:  gran_size: 128K         chunk_size: 128M         num_reg: 10          lose cover RAM: 0G
ago 09 10:22:07 lfgs-d77mk kernel:  gran_size: 128K         chunk_size: 256M         num_reg: 10          lose cover RAM: 0G
ago 09 10:22:07 lfgs-d77mk kernel:  gran_size: 128K         chunk_size: 512M         num_reg: 10          lose cover RAM: 0G
ago 09 10:22:07 lfgs-d77mk kernel:  gran_size: 128K         chunk_size: 1G         num_reg: 10          lose cover RAM: 0G
ago 09 10:22:07 lfgs-d77mk kernel: *BAD*gran_size: 128K         chunk_size: 2G         num_reg: 10          lose cover RAM: -1G
ago 09 10:22:07 lfgs-d77mk kernel:  gran_size: 256K         chunk_size: 256K         num_reg: 10          lose cover RAM: 102M
ago 09 10:22:07 lfgs-d77mk kernel:  gran_size: 256K         chunk_size: 512K         num_reg: 10          lose cover RAM: 102M
ago 09 10:22:07 lfgs-d77mk kernel:  gran_size: 256K         chunk_size: 1M         num_reg: 10          lose cover RAM: 102M
ago 09 10:22:07 lfgs-d77mk kernel:  gran_size: 256K         chunk_size: 2M         num_reg: 10          lose cover RAM: 102M
ago 09 10:22:07 lfgs-d77mk kernel:  gran_size: 256K         chunk_size: 4M         num_reg: 10          lose cover RAM: 102M
ago 09 10:22:07 lfgs-d77mk kernel:  gran_size: 256K         chunk_size: 8M         num_reg: 10          lose cover RAM: 102M
ago 09 10:22:07 lfgs-d77mk kernel:  gran_size: 256K         chunk_size: 16M         num_reg: 10          lose cover RAM: 6M
ago 09 10:22:07 lfgs-d77mk kernel:  gran_size: 256K         chunk_size: 32M         num_reg: 10          lose cover RAM: 0G
ago 09 10:22:07 lfgs-d77mk kernel:  gran_size: 256K         chunk_size: 64M         num_reg: 10          lose cover RAM: 0G
ago 09 10:22:07 lfgs-d77mk kernel:  gran_size: 256K         chunk_size: 128M         num_reg: 10          lose cover RAM: 0G
ago 09 10:22:07 lfgs-d77mk kernel:  gran_size: 256K         chunk_size: 256M         num_reg: 10          lose cover RAM: 0G
ago 09 10:22:07 lfgs-d77mk kernel:  gran_size: 256K         chunk_size: 512M         num_reg: 10          lose cover RAM: 0G
ago 09 10:22:07 lfgs-d77mk kernel:  gran_size: 256K         chunk_size: 1G         num_reg: 10          lose cover RAM: 0G
ago 09 10:22:07 lfgs-d77mk kernel: *BAD*gran_size: 256K         chunk_size: 2G         num_reg: 10          lose cover RAM: -1G
ago 09 10:22:07 lfgs-d77mk kernel:  gran_size: 512K         chunk_size: 512K         num_reg: 10          lose cover RAM: 102M
ago 09 10:22:07 lfgs-d77mk kernel:  gran_size: 512K         chunk_size: 1M         num_reg: 10          lose cover RAM: 102M
ago 09 10:22:07 lfgs-d77mk kernel:  gran_size: 512K         chunk_size: 2M         num_reg: 10          lose cover RAM: 102M
ago 09 10:22:07 lfgs-d77mk kernel:  gran_size: 512K         chunk_size: 4M         num_reg: 10          lose cover RAM: 102M
ago 09 10:22:07 lfgs-d77mk kernel:  gran_size: 512K         chunk_size: 8M         num_reg: 10          lose cover RAM: 102M
ago 09 10:22:07 lfgs-d77mk kernel:  gran_size: 512K         chunk_size: 16M         num_reg: 10          lose cover RAM: 6M
ago 09 10:22:07 lfgs-d77mk kernel:  gran_size: 512K         chunk_size: 32M         num_reg: 10          lose cover RAM: 0G
ago 09 10:22:07 lfgs-d77mk kernel:  gran_size: 512K         chunk_size: 64M         num_reg: 10          lose cover RAM: 0G
ago 09 10:22:07 lfgs-d77mk kernel:  gran_size: 512K         chunk_size: 128M         num_reg: 10          lose cover RAM: 0G
ago 09 10:22:07 lfgs-d77mk kernel:  gran_size: 512K         chunk_size: 256M         num_reg: 10          lose cover RAM: 0G
ago 09 10:22:07 lfgs-d77mk kernel:  gran_size: 512K         chunk_size: 512M         num_reg: 10          lose cover RAM: 0G
ago 09 10:22:07 lfgs-d77mk kernel:  gran_size: 512K         chunk_size: 1G         num_reg: 10          lose cover RAM: 0G
ago 09 10:22:07 lfgs-d77mk kernel: *BAD*gran_size: 512K         chunk_size: 2G         num_reg: 10          lose cover RAM: -1G
ago 09 10:22:07 lfgs-d77mk kernel:  gran_size: 1M         chunk_size: 1M         num_reg: 10          lose cover RAM: 102M
ago 09 10:22:07 lfgs-d77mk kernel:  gran_size: 1M         chunk_size: 2M         num_reg: 10          lose cover RAM: 102M
ago 09 10:22:07 lfgs-d77mk kernel:  gran_size: 1M         chunk_size: 4M         num_reg: 10          lose cover RAM: 102M
ago 09 10:22:07 lfgs-d77mk kernel:  gran_size: 1M         chunk_size: 8M         num_reg: 10          lose cover RAM: 102M
ago 09 10:22:07 lfgs-d77mk kernel:  gran_size: 1M         chunk_size: 16M         num_reg: 10          lose cover RAM: 6M
ago 09 10:22:07 lfgs-d77mk kernel:  gran_size: 1M         chunk_size: 32M         num_reg: 10          lose cover RAM: 0G
ago 09 10:22:07 lfgs-d77mk kernel:  gran_size: 1M         chunk_size: 64M         num_reg: 10          lose cover RAM: 0G
ago 09 10:22:07 lfgs-d77mk kernel:  gran_size: 1M         chunk_size: 128M         num_reg: 10          lose cover RAM: 0G
ago 09 10:22:07 lfgs-d77mk kernel:  gran_size: 1M         chunk_size: 256M         num_reg: 10          lose cover RAM: 0G
ago 09 10:22:07 lfgs-d77mk kernel:  gran_size: 1M         chunk_size: 512M         num_reg: 10          lose cover RAM: 0G
ago 09 10:22:07 lfgs-d77mk kernel:  gran_size: 1M         chunk_size: 1G         num_reg: 10          lose cover RAM: 0G
ago 09 10:22:07 lfgs-d77mk kernel: *BAD*gran_size: 1M         chunk_size: 2G         num_reg: 10          lose cover RAM: -1G
ago 09 10:22:07 lfgs-d77mk kernel:  gran_size: 2M         chunk_size: 2M         num_reg: 10          lose cover RAM: 102M
ago 09 10:22:07 lfgs-d77mk kernel:  gran_size: 2M         chunk_size: 4M         num_reg: 10          lose cover RAM: 102M
ago 09 10:22:07 lfgs-d77mk kernel:  gran_size: 2M         chunk_size: 8M         num_reg: 10          lose cover RAM: 102M
ago 09 10:22:07 lfgs-d77mk kernel:  gran_size: 2M         chunk_size: 16M         num_reg: 10          lose cover RAM: 6M
ago 09 10:22:07 lfgs-d77mk kernel:  gran_size: 2M         chunk_size: 32M         num_reg: 10          lose cover RAM: 0G
ago 09 10:22:07 lfgs-d77mk kernel:  gran_size: 2M         chunk_size: 64M         num_reg: 10          lose cover RAM: 0G
ago 09 10:22:07 lfgs-d77mk kernel:  gran_size: 2M         chunk_size: 128M         num_reg: 10          lose cover RAM: 0G
ago 09 10:22:07 lfgs-d77mk kernel:  gran_size: 2M         chunk_size: 256M         num_reg: 10          lose cover RAM: 0G
ago 09 10:22:07 lfgs-d77mk kernel:  gran_size: 2M         chunk_size: 512M         num_reg: 10          lose cover RAM: 0G
ago 09 10:22:07 lfgs-d77mk kernel:  gran_size: 2M         chunk_size: 1G         num_reg: 10          lose cover RAM: 0G
ago 09 10:22:07 lfgs-d77mk kernel: *BAD*gran_size: 2M         chunk_size: 2G         num_reg: 10          lose cover RAM: -1G
ago 09 10:22:07 lfgs-d77mk kernel:  gran_size: 4M         chunk_size: 4M         num_reg: 10          lose cover RAM: 102M
ago 09 10:22:07 lfgs-d77mk kernel:  gran_size: 4M         chunk_size: 8M         num_reg: 10          lose cover RAM: 102M
ago 09 10:22:07 lfgs-d77mk kernel:  gran_size: 4M         chunk_size: 16M         num_reg: 10          lose cover RAM: 6M
ago 09 10:22:07 lfgs-d77mk kernel:  gran_size: 4M         chunk_size: 32M         num_reg: 10          lose cover RAM: 2M
ago 09 10:22:07 lfgs-d77mk kernel:  gran_size: 4M         chunk_size: 64M         num_reg: 10          lose cover RAM: 2M
ago 09 10:22:07 lfgs-d77mk kernel:  gran_size: 4M         chunk_size: 128M         num_reg: 10          lose cover RAM: 2M
ago 09 10:22:07 lfgs-d77mk kernel:  gran_size: 4M         chunk_size: 256M         num_reg: 10          lose cover RAM: 2M
ago 09 10:22:07 lfgs-d77mk kernel:  gran_size: 4M         chunk_size: 512M         num_reg: 10          lose cover RAM: 2M
ago 09 10:22:07 lfgs-d77mk kernel:  gran_size: 4M         chunk_size: 1G         num_reg: 10          lose cover RAM: 2M
ago 09 10:22:07 lfgs-d77mk kernel: *BAD*gran_size: 4M         chunk_size: 2G         num_reg: 10          lose cover RAM: -1022M
ago 09 10:22:07 lfgs-d77mk kernel:  gran_size: 8M         chunk_size: 8M         num_reg: 10          lose cover RAM: 102M
ago 09 10:22:07 lfgs-d77mk kernel:  gran_size: 8M         chunk_size: 16M         num_reg: 10          lose cover RAM: 6M
ago 09 10:22:07 lfgs-d77mk kernel:  gran_size: 8M         chunk_size: 32M         num_reg: 10          lose cover RAM: 6M
ago 09 10:22:07 lfgs-d77mk kernel:  gran_size: 8M         chunk_size: 64M         num_reg: 8          lose cover RAM: 6M
ago 09 10:22:07 lfgs-d77mk kernel:  gran_size: 8M         chunk_size: 128M         num_reg: 8          lose cover RAM: 6M
ago 09 10:22:07 lfgs-d77mk kernel:  gran_size: 8M         chunk_size: 256M         num_reg: 8          lose cover RAM: 6M
ago 09 10:22:07 lfgs-d77mk kernel:  gran_size: 8M         chunk_size: 512M         num_reg: 8          lose cover RAM: 6M
ago 09 10:22:07 lfgs-d77mk kernel:  gran_size: 8M         chunk_size: 1G         num_reg: 8          lose cover RAM: 6M
ago 09 10:22:07 lfgs-d77mk kernel:  gran_size: 8M         chunk_size: 2G         num_reg: 9          lose cover RAM: 6M
ago 09 10:22:07 lfgs-d77mk kernel:  gran_size: 16M         chunk_size: 16M         num_reg: 10          lose cover RAM: 46M
ago 09 10:22:07 lfgs-d77mk kernel:  gran_size: 16M         chunk_size: 32M         num_reg: 10          lose cover RAM: 14M
ago 09 10:22:07 lfgs-d77mk kernel:  gran_size: 16M         chunk_size: 64M         num_reg: 8          lose cover RAM: 14M
ago 09 10:22:07 lfgs-d77mk kernel:  gran_size: 16M         chunk_size: 128M         num_reg: 8          lose cover RAM: 14M
ago 09 10:22:07 lfgs-d77mk kernel:  gran_size: 16M         chunk_size: 256M         num_reg: 8          lose cover RAM: 14M
ago 09 10:22:07 lfgs-d77mk kernel:  gran_size: 16M         chunk_size: 512M         num_reg: 8          lose cover RAM: 14M
ago 09 10:22:07 lfgs-d77mk kernel:  gran_size: 16M         chunk_size: 1G         num_reg: 8          lose cover RAM: 14M
ago 09 10:22:07 lfgs-d77mk kernel:  gran_size: 16M         chunk_size: 2G         num_reg: 9          lose cover RAM: 14M
ago 09 10:22:07 lfgs-d77mk kernel:  gran_size: 32M         chunk_size: 32M         num_reg: 10          lose cover RAM: 30M
ago 09 10:22:07 lfgs-d77mk kernel:  gran_size: 32M         chunk_size: 64M         num_reg: 8          lose cover RAM: 30M
ago 09 10:22:07 lfgs-d77mk kernel:  gran_size: 32M         chunk_size: 128M         num_reg: 8          lose cover RAM: 30M
ago 09 10:22:07 lfgs-d77mk kernel:  gran_size: 32M         chunk_size: 256M         num_reg: 8          lose cover RAM: 30M
ago 09 10:22:07 lfgs-d77mk kernel:  gran_size: 32M         chunk_size: 512M         num_reg: 8          lose cover RAM: 30M
ago 09 10:22:07 lfgs-d77mk kernel:  gran_size: 32M         chunk_size: 1G         num_reg: 8          lose cover RAM: 30M
ago 09 10:22:07 lfgs-d77mk kernel:  gran_size: 32M         chunk_size: 2G         num_reg: 9          lose cover RAM: 30M
ago 09 10:22:07 lfgs-d77mk kernel:  gran_size: 64M         chunk_size: 64M         num_reg: 8          lose cover RAM: 94M
ago 09 10:22:07 lfgs-d77mk kernel:  gran_size: 64M         chunk_size: 128M         num_reg: 8          lose cover RAM: 94M
ago 09 10:22:07 lfgs-d77mk kernel:  gran_size: 64M         chunk_size: 256M         num_reg: 8          lose cover RAM: 94M
ago 09 10:22:07 lfgs-d77mk kernel:  gran_size: 64M         chunk_size: 512M         num_reg: 8          lose cover RAM: 94M
ago 09 10:22:07 lfgs-d77mk kernel:  gran_size: 64M         chunk_size: 1G         num_reg: 8          lose cover RAM: 94M
ago 09 10:22:07 lfgs-d77mk kernel:  gran_size: 64M         chunk_size: 2G         num_reg: 9          lose cover RAM: 94M
ago 09 10:22:07 lfgs-d77mk kernel:  gran_size: 128M         chunk_size: 128M         num_reg: 6          lose cover RAM: 222M
ago 09 10:22:07 lfgs-d77mk kernel:  gran_size: 128M         chunk_size: 256M         num_reg: 6          lose cover RAM: 222M
ago 09 10:22:07 lfgs-d77mk kernel:  gran_size: 128M         chunk_size: 512M         num_reg: 7          lose cover RAM: 222M
ago 09 10:22:07 lfgs-d77mk kernel:  gran_size: 128M         chunk_size: 1G         num_reg: 7          lose cover RAM: 222M
ago 09 10:22:07 lfgs-d77mk kernel:  gran_size: 128M         chunk_size: 2G         num_reg: 8          lose cover RAM: 222M
ago 09 10:22:07 lfgs-d77mk kernel:  gran_size: 256M         chunk_size: 256M         num_reg: 5          lose cover RAM: 350M
ago 09 10:22:07 lfgs-d77mk kernel:  gran_size: 256M         chunk_size: 512M         num_reg: 7          lose cover RAM: 350M
ago 09 10:22:07 lfgs-d77mk kernel:  gran_size: 256M         chunk_size: 1G         num_reg: 7          lose cover RAM: 350M
ago 09 10:22:07 lfgs-d77mk kernel:  gran_size: 256M         chunk_size: 2G         num_reg: 8          lose cover RAM: 350M
ago 09 10:22:07 lfgs-d77mk kernel:  gran_size: 512M         chunk_size: 512M         num_reg: 3          lose cover RAM: 862M
ago 09 10:22:07 lfgs-d77mk kernel:  gran_size: 512M         chunk_size: 1G         num_reg: 3          lose cover RAM: 862M
ago 09 10:22:07 lfgs-d77mk kernel:  gran_size: 512M         chunk_size: 2G         num_reg: 3          lose cover RAM: 862M
ago 09 10:22:07 lfgs-d77mk kernel:  gran_size: 1G         chunk_size: 1G         num_reg: 3          lose cover RAM: 862M
ago 09 10:22:07 lfgs-d77mk kernel:  gran_size: 1G         chunk_size: 2G         num_reg: 3          lose cover RAM: 862M
ago 09 10:22:07 lfgs-d77mk kernel:  gran_size: 2G         chunk_size: 2G         num_reg: 2          lose cover RAM: 1886M
ago 09 10:22:07 lfgs-d77mk kernel: mtrr_cleanup: can not find optimal value
ago 09 10:22:07 lfgs-d77mk kernel: please specify mtrr_gran_size/mtrr_chunk_size
ago 09 10:22:07 lfgs-d77mk kernel: x86/PAT: Configuration [0-7]: WB  WC  UC- UC  WB  WP  UC- WT  
ago 09 10:22:07 lfgs-d77mk kernel: e820: update [mem 0xd7800000-0xffffffff] usable ==> reserved
ago 09 10:22:07 lfgs-d77mk kernel: last_pfn = 0xd7000 max_arch_pfn = 0x400000000
ago 09 10:22:07 lfgs-d77mk kernel: found SMP MP-table at [mem 0x000fd820-0x000fd82f]
ago 09 10:22:07 lfgs-d77mk kernel: RAMDISK: [mem 0x2ee1f000-0x33706fff]
ago 09 10:22:07 lfgs-d77mk kernel: ACPI: Early table checksum verification disabled
ago 09 10:22:07 lfgs-d77mk kernel: ACPI: RSDP 0x00000000000F0490 000024 (v02 INTEL )
ago 09 10:22:07 lfgs-d77mk kernel: ACPI: XSDT 0x00000000D6240088 00008C (v01 BYTSPD BYTSPDPC 0000003A AMI  00010013)
ago 09 10:22:07 lfgs-d77mk kernel: ACPI: FACP 0x00000000D624A4B8 00010C (v05 BYTSPD BYTSPDPC 0000003A AMI  00010013)
ago 09 10:22:07 lfgs-d77mk kernel: ACPI: DSDT 0x00000000D62401A0 00A313 (v02 BYTSPD BYTSPDPC 0000003A INTL 20051117)
ago 09 10:22:07 lfgs-d77mk kernel: ACPI: FACS 0x00000000D636B080 000040
ago 09 10:22:07 lfgs-d77mk kernel: ACPI: APIC 0x00000000D624A5C8 000072 (v03 BYTSPD BYTSPDPC 0000003A AMI  00010013)
ago 09 10:22:07 lfgs-d77mk kernel: ACPI: FPDT 0x00000000D624A640 000044 (v01 BYTSPD BYTSPDPC 0000003A AMI  00010013)
ago 09 10:22:07 lfgs-d77mk kernel: ACPI: TCPA 0x00000000D624A688 000032 (v02 BYTSPD BYTSPDPC 0000003A MSFT 01000013)
ago 09 10:22:07 lfgs-d77mk kernel: ACPI: MCFG 0x00000000D624A6C0 00003C (v01 BYTSPD BYTSPDPC 0000003A MSFT 00000097)
ago 09 10:22:07 lfgs-d77mk kernel: ACPI: HPET 0x00000000D624A700 000038 (v01 BYTSPD BYTSPDPC 0000003A AMI. 00000005)
ago 09 10:22:07 lfgs-d77mk kernel: ACPI: SSDT 0x00000000D624A738 00036D (v01 BYTSPD BYTSPDPC 0000003A INTL 20091112)
ago 09 10:22:07 lfgs-d77mk kernel: ACPI: SSDT 0x00000000D624AAA8 0009AA (v01 BYTSPD BYTSPDPC 0000003A INTL 20051117)
ago 09 10:22:07 lfgs-d77mk kernel: ACPI: SSDT 0x00000000D624B458 000B22 (v01 BYTSPD BYTSPDPC 0000003A INTL 20051117)
ago 09 10:22:07 lfgs-d77mk kernel: ACPI: DMAR 0x00000000D624BF80 0000B8 (v01 BYTSPD BYTSPDPC 0000003A INTL 00000001)
ago 09 10:22:07 lfgs-d77mk kernel: ACPI: ASF! 0x00000000D624C038 0000A5 (v32 BYTSPD BYTSPDPC 0000003A TFSM 000F4240)
ago 09 10:22:07 lfgs-d77mk kernel: ACPI: MSDM 0x00000000D624C0E0 000055 (v03 BYTSPD BYTSPDPC 0000003A AMI  1D000000)
ago 09 10:22:07 lfgs-d77mk kernel: ACPI: SLIC 0x00000000D624C138 000176 (v01 BYTSPD BYTSPDPC 0000003A AMI  00010013)
ago 09 10:22:07 lfgs-d77mk kernel: ACPI: Reserving FACP table memory at [mem 0xd624a4b8-0xd624a5c3]
ago 09 10:22:07 lfgs-d77mk kernel: ACPI: Reserving DSDT table memory at [mem 0xd62401a0-0xd624a4b2]
ago 09 10:22:07 lfgs-d77mk kernel: ACPI: Reserving FACS table memory at [mem 0xd636b080-0xd636b0bf]
ago 09 10:22:07 lfgs-d77mk kernel: ACPI: Reserving APIC table memory at [mem 0xd624a5c8-0xd624a639]
ago 09 10:22:07 lfgs-d77mk kernel: ACPI: Reserving FPDT table memory at [mem 0xd624a640-0xd624a683]
ago 09 10:22:07 lfgs-d77mk kernel: ACPI: Reserving TCPA table memory at [mem 0xd624a688-0xd624a6b9]
ago 09 10:22:07 lfgs-d77mk kernel: ACPI: Reserving MCFG table memory at [mem 0xd624a6c0-0xd624a6fb]
ago 09 10:22:07 lfgs-d77mk kernel: ACPI: Reserving HPET table memory at [mem 0xd624a700-0xd624a737]
ago 09 10:22:07 lfgs-d77mk kernel: ACPI: Reserving SSDT table memory at [mem 0xd624a738-0xd624aaa4]
ago 09 10:22:07 lfgs-d77mk kernel: ACPI: Reserving SSDT table memory at [mem 0xd624aaa8-0xd624b451]
ago 09 10:22:07 lfgs-d77mk kernel: ACPI: Reserving SSDT table memory at [mem 0xd624b458-0xd624bf79]
ago 09 10:22:07 lfgs-d77mk kernel: ACPI: Reserving DMAR table memory at [mem 0xd624bf80-0xd624c037]
ago 09 10:22:07 lfgs-d77mk kernel: ACPI: Reserving ASF! table memory at [mem 0xd624c038-0xd624c0dc]
ago 09 10:22:07 lfgs-d77mk kernel: ACPI: Reserving MSDM table memory at [mem 0xd624c0e0-0xd624c134]
ago 09 10:22:07 lfgs-d77mk kernel: ACPI: Reserving SLIC table memory at [mem 0xd624c138-0xd624c2ad]
ago 09 10:22:07 lfgs-d77mk kernel: No NUMA configuration found
ago 09 10:22:07 lfgs-d77mk kernel: Faking a node at [mem 0x0000000000000000-0x000000021e5fffff]
ago 09 10:22:07 lfgs-d77mk kernel: NODE_DATA(0) allocated [mem 0x21e5d2000-0x21e5fcfff]
ago 09 10:22:07 lfgs-d77mk kernel: Zone ranges:
ago 09 10:22:07 lfgs-d77mk kernel:   DMA      [mem 0x0000000000001000-0x0000000000ffffff]
ago 09 10:22:07 lfgs-d77mk kernel:   DMA32    [mem 0x0000000001000000-0x00000000ffffffff]
ago 09 10:22:07 lfgs-d77mk kernel:   Normal   [mem 0x0000000100000000-0x000000021e5fffff]
ago 09 10:22:07 lfgs-d77mk kernel:   Device   empty
ago 09 10:22:07 lfgs-d77mk kernel: Movable zone start for each node
ago 09 10:22:07 lfgs-d77mk kernel: Early memory node ranges
ago 09 10:22:07 lfgs-d77mk kernel:   node   0: [mem 0x0000000000001000-0x000000000009cfff]
ago 09 10:22:07 lfgs-d77mk kernel:   node   0: [mem 0x0000000000100000-0x000000001fffffff]
ago 09 10:22:07 lfgs-d77mk kernel:   node   0: [mem 0x0000000020200000-0x0000000040003fff]
ago 09 10:22:07 lfgs-d77mk kernel:   node   0: [mem 0x0000000040005000-0x00000000d5b3efff]
ago 09 10:22:07 lfgs-d77mk kernel:   node   0: [mem 0x00000000d667b000-0x00000000d667bfff]
ago 09 10:22:07 lfgs-d77mk kernel:   node   0: [mem 0x00000000d66bf000-0x00000000d6ffffff]
ago 09 10:22:07 lfgs-d77mk kernel:   node   0: [mem 0x0000000100000000-0x000000021e5fffff]
ago 09 10:22:07 lfgs-d77mk kernel: Initmem setup node 0 [mem 0x0000000000001000-0x000000021e5fffff]
ago 09 10:22:07 lfgs-d77mk kernel: On node 0, zone DMA: 1 pages in unavailable ranges
ago 09 10:22:07 lfgs-d77mk kernel: On node 0, zone DMA: 99 pages in unavailable ranges
ago 09 10:22:07 lfgs-d77mk kernel: On node 0, zone DMA32: 512 pages in unavailable ranges
ago 09 10:22:07 lfgs-d77mk kernel: On node 0, zone DMA32: 1 pages in unavailable ranges
ago 09 10:22:07 lfgs-d77mk kernel: On node 0, zone DMA32: 2876 pages in unavailable ranges
ago 09 10:22:07 lfgs-d77mk kernel: On node 0, zone DMA32: 67 pages in unavailable ranges
ago 09 10:22:07 lfgs-d77mk kernel: On node 0, zone Normal: 4096 pages in unavailable ranges
ago 09 10:22:07 lfgs-d77mk kernel: On node 0, zone Normal: 6656 pages in unavailable ranges
ago 09 10:22:07 lfgs-d77mk kernel: Reserving Intel graphics memory at [mem 0xd7a00000-0xdf9fffff]
ago 09 10:22:07 lfgs-d77mk kernel: ACPI: PM-Timer IO Port: 0x408
ago 09 10:22:07 lfgs-d77mk kernel: ACPI: LAPIC_NMI (acpi_id[0xff] high edge lint[0x1])
ago 09 10:22:07 lfgs-d77mk kernel: IOAPIC[0]: apic_id 2, version 32, address 0xfec00000, GSI 0-23
ago 09 10:22:07 lfgs-d77mk kernel: ACPI: INT_SRC_OVR (bus 0 bus_irq 0 global_irq 2 dfl dfl)
ago 09 10:22:07 lfgs-d77mk kernel: ACPI: INT_SRC_OVR (bus 0 bus_irq 9 global_irq 9 high level)
ago 09 10:22:07 lfgs-d77mk kernel: ACPI: Using ACPI (MADT) for SMP configuration information
ago 09 10:22:07 lfgs-d77mk kernel: ACPI: HPET id: 0x8086a701 base: 0xfed00000
ago 09 10:22:07 lfgs-d77mk kernel: TSC deadline timer available
ago 09 10:22:07 lfgs-d77mk kernel: smpboot: Allowing 4 CPUs, 0 hotplug CPUs
ago 09 10:22:07 lfgs-d77mk kernel: PM: hibernation: Registered nosave memory: [mem 0x00000000-0x00000fff]
ago 09 10:22:07 lfgs-d77mk kernel: PM: hibernation: Registered nosave memory: [mem 0x0009d000-0x0009dfff]
ago 09 10:22:07 lfgs-d77mk kernel: PM: hibernation: Registered nosave memory: [mem 0x0009e000-0x0009ffff]
ago 09 10:22:07 lfgs-d77mk kernel: PM: hibernation: Registered nosave memory: [mem 0x000a0000-0x000dffff]
ago 09 10:22:07 lfgs-d77mk kernel: PM: hibernation: Registered nosave memory: [mem 0x000e0000-0x000fffff]
ago 09 10:22:07 lfgs-d77mk kernel: PM: hibernation: Registered nosave memory: [mem 0x20000000-0x201fffff]
ago 09 10:22:07 lfgs-d77mk kernel: PM: hibernation: Registered nosave memory: [mem 0x40004000-0x40004fff]
ago 09 10:22:07 lfgs-d77mk kernel: PM: hibernation: Registered nosave memory: [mem 0xd5b3f000-0xd623cfff]
ago 09 10:22:07 lfgs-d77mk kernel: PM: hibernation: Registered nosave memory: [mem 0xd623d000-0xd624cfff]
ago 09 10:22:07 lfgs-d77mk kernel: PM: hibernation: Registered nosave memory: [mem 0xd624d000-0xd636cfff]
ago 09 10:22:07 lfgs-d77mk kernel: PM: hibernation: Registered nosave memory: [mem 0xd636d000-0xd667afff]
ago 09 10:22:07 lfgs-d77mk kernel: PM: hibernation: Registered nosave memory: [mem 0xd667c000-0xd66befff]
ago 09 10:22:07 lfgs-d77mk kernel: PM: hibernation: Registered nosave memory: [mem 0xd7000000-0xd77fffff]
ago 09 10:22:07 lfgs-d77mk kernel: PM: hibernation: Registered nosave memory: [mem 0xd7800000-0xdf9fffff]
ago 09 10:22:07 lfgs-d77mk kernel: PM: hibernation: Registered nosave memory: [mem 0xdfa00000-0xf7ffffff]
ago 09 10:22:07 lfgs-d77mk kernel: PM: hibernation: Registered nosave memory: [mem 0xf8000000-0xfbffffff]
ago 09 10:22:07 lfgs-d77mk kernel: PM: hibernation: Registered nosave memory: [mem 0xfc000000-0xfebfffff]
ago 09 10:22:07 lfgs-d77mk kernel: PM: hibernation: Registered nosave memory: [mem 0xfec00000-0xfec00fff]
ago 09 10:22:07 lfgs-d77mk kernel: PM: hibernation: Registered nosave memory: [mem 0xfec01000-0xfecfffff]
ago 09 10:22:07 lfgs-d77mk kernel: PM: hibernation: Registered nosave memory: [mem 0xfed00000-0xfed03fff]
ago 09 10:22:07 lfgs-d77mk kernel: PM: hibernation: Registered nosave memory: [mem 0xfed04000-0xfed1bfff]
ago 09 10:22:07 lfgs-d77mk kernel: PM: hibernation: Registered nosave memory: [mem 0xfed1c000-0xfed1ffff]
ago 09 10:22:07 lfgs-d77mk kernel: PM: hibernation: Registered nosave memory: [mem 0xfed20000-0xfedfffff]
ago 09 10:22:07 lfgs-d77mk kernel: PM: hibernation: Registered nosave memory: [mem 0xfee00000-0xfee00fff]
ago 09 10:22:07 lfgs-d77mk kernel: PM: hibernation: Registered nosave memory: [mem 0xfee01000-0xfeffffff]
ago 09 10:22:07 lfgs-d77mk kernel: PM: hibernation: Registered nosave memory: [mem 0xff000000-0xffffffff]
ago 09 10:22:07 lfgs-d77mk kernel: [mem 0xdfa00000-0xf7ffffff] available for PCI devices
ago 09 10:22:07 lfgs-d77mk kernel: Booting paravirtualized kernel on bare hardware
ago 09 10:22:07 lfgs-d77mk kernel: clocksource: refined-jiffies: mask: 0xffffffff max_cycles: 0xffffffff, max_idle_ns: 7645519600211568 ns
ago 09 10:22:07 lfgs-d77mk kernel: setup_percpu: NR_CPUS:8192 nr_cpumask_bits:4 nr_cpu_ids:4 nr_node_ids:1
ago 09 10:22:07 lfgs-d77mk kernel: percpu: Embedded 62 pages/cpu s217088 r8192 d28672 u524288
ago 09 10:22:07 lfgs-d77mk kernel: pcpu-alloc: s217088 r8192 d28672 u524288 alloc=1*2097152
ago 09 10:22:07 lfgs-d77mk kernel: pcpu-alloc: [0] 0 1 2 3 
ago 09 10:22:07 lfgs-d77mk kernel: Fallback order for Node 0: 0 
ago 09 10:22:07 lfgs-d77mk kernel: Built 1 zonelists, mobility grouping on.  Total pages: 2017886
ago 09 10:22:07 lfgs-d77mk kernel: Policy zone: Normal
ago 09 10:22:07 lfgs-d77mk kernel: Kernel command line: BOOT_IMAGE=/boot/vmlinuz-6.2.0-26-generic root=UUID=53d19d5e-0d11-4a46-8cb0-0d19ac591d1d ro quiet splash video=VGA-1:1440x900@60 vt.handoff=7
ago 09 10:22:07 lfgs-d77mk kernel: Unknown kernel command line parameters "splash BOOT_IMAGE=/boot/vmlinuz-6.2.0-26-generic", will be passed to user space.
ago 09 10:22:07 lfgs-d77mk kernel: random: crng init done
ago 09 10:22:07 lfgs-d77mk kernel: Dentry cache hash table entries: 1048576 (order: 11, 8388608 bytes, linear)
ago 09 10:22:07 lfgs-d77mk kernel: Inode-cache hash table entries: 524288 (order: 10, 4194304 bytes, linear)
ago 09 10:22:07 lfgs-d77mk kernel: mem auto-init: stack:off, heap alloc:on, heap free:off
ago 09 10:22:07 lfgs-d77mk kernel: software IO TLB: area num 4.
ago 09 10:22:07 lfgs-d77mk kernel: Memory: 7854380K/8200304K available (20480K kernel code, 4150K rwdata, 12696K rodata, 4664K init, 17644K bss, 345664K reserved, 0K cma-reserved)
ago 09 10:22:07 lfgs-d77mk kernel: SLUB: HWalign=64, Order=0-3, MinObjects=0, CPUs=4, Nodes=1
ago 09 10:22:07 lfgs-d77mk kernel: Kernel/User page tables isolation: enabled
ago 09 10:22:07 lfgs-d77mk kernel: ftrace: allocating 53364 entries in 209 pages
ago 09 10:22:07 lfgs-d77mk kernel: ftrace: allocated 209 pages with 4 groups
ago 09 10:22:07 lfgs-d77mk kernel: Dynamic Preempt: voluntary
ago 09 10:22:07 lfgs-d77mk kernel: rcu: Preemptible hierarchical RCU implementation.
ago 09 10:22:07 lfgs-d77mk kernel: rcu:         RCU restricting CPUs from NR_CPUS=8192 to nr_cpu_ids=4.
ago 09 10:22:07 lfgs-d77mk kernel:         Trampoline variant of Tasks RCU enabled.
ago 09 10:22:07 lfgs-d77mk kernel:         Rude variant of Tasks RCU enabled.
ago 09 10:22:07 lfgs-d77mk kernel:         Tracing variant of Tasks RCU enabled.
ago 09 10:22:07 lfgs-d77mk kernel: rcu: RCU calculated value of scheduler-enlistment delay is 25 jiffies.
ago 09 10:22:07 lfgs-d77mk kernel: rcu: Adjusting geometry for rcu_fanout_leaf=16, nr_cpu_ids=4
ago 09 10:22:07 lfgs-d77mk kernel: NR_IRQS: 524544, nr_irqs: 456, preallocated irqs: 16
ago 09 10:22:07 lfgs-d77mk kernel: rcu: srcu_init: Setting srcu_struct sizes based on contention.
ago 09 10:22:07 lfgs-d77mk kernel: Console: colour dummy device 80x25
ago 09 10:22:07 lfgs-d77mk kernel: printk: console [tty0] enabled
ago 09 10:22:07 lfgs-d77mk kernel: ACPI: Core revision 20221020
ago 09 10:22:07 lfgs-d77mk kernel: clocksource: hpet: mask: 0xffffffff max_cycles: 0xffffffff, max_idle_ns: 133484882848 ns
ago 09 10:22:07 lfgs-d77mk kernel: APIC: Switch to symmetric I/O mode setup
ago 09 10:22:07 lfgs-d77mk kernel: DMAR: Host address width 36
ago 09 10:22:07 lfgs-d77mk kernel: DMAR: DRHD base: 0x000000fed90000 flags: 0x0
ago 09 10:22:07 lfgs-d77mk kernel: DMAR: dmar0: reg_base_addr fed90000 ver 1:0 cap c0000020e60262 ecap f0101a
ago 09 10:22:07 lfgs-d77mk kernel: DMAR: DRHD base: 0x000000fed91000 flags: 0x1
ago 09 10:22:07 lfgs-d77mk kernel: DMAR: dmar1: reg_base_addr fed91000 ver 1:0 cap c9008020660262 ecap f0105a
ago 09 10:22:07 lfgs-d77mk kernel: DMAR: RMRR base: 0x000000d61d4000 end: 0x000000d61e0fff
ago 09 10:22:07 lfgs-d77mk kernel: DMAR: RMRR base: 0x000000d7800000 end: 0x000000df9fffff
ago 09 10:22:07 lfgs-d77mk kernel: DMAR-IR: IOAPIC id 2 under DRHD base  0xfed91000 IOMMU 1
ago 09 10:22:07 lfgs-d77mk kernel: DMAR-IR: HPET id 0 under DRHD base 0xfed91000
ago 09 10:22:07 lfgs-d77mk kernel: DMAR-IR: Queued invalidation will be enabled to support x2apic and Intr-remapping.
ago 09 10:22:07 lfgs-d77mk kernel: DMAR-IR: Enabled IRQ remapping in x2apic mode
ago 09 10:22:07 lfgs-d77mk kernel: x2apic enabled
ago 09 10:22:07 lfgs-d77mk kernel: Switched APIC routing to cluster x2apic.
ago 09 10:22:07 lfgs-d77mk kernel: ..TIMER: vector=0x30 apic1=0 pin1=2 apic2=-1 pin2=-1
ago 09 10:22:07 lfgs-d77mk kernel: clocksource: tsc-early: mask: 0xffffffffffffffff max_cycles: 0x2e055ada426, max_idle_ns: 440795246279 ns
ago 09 10:22:07 lfgs-d77mk kernel: Calibrating delay loop (skipped), value calculated using timer frequency.. 6385.40 BogoMIPS (lpj=12770804)
ago 09 10:22:07 lfgs-d77mk kernel: pid_max: default: 32768 minimum: 301
ago 09 10:22:07 lfgs-d77mk kernel: LSM: initializing lsm=lockdown,capability,landlock,yama,integrity,apparmor
ago 09 10:22:07 lfgs-d77mk kernel: landlock: Up and running.
ago 09 10:22:07 lfgs-d77mk kernel: Yama: becoming mindful.
ago 09 10:22:07 lfgs-d77mk kernel: AppArmor: AppArmor initialized
ago 09 10:22:07 lfgs-d77mk kernel: Mount-cache hash table entries: 16384 (order: 5, 131072 bytes, linear)
ago 09 10:22:07 lfgs-d77mk kernel: Mountpoint-cache hash table entries: 16384 (order: 5, 131072 bytes, linear)
ago 09 10:22:07 lfgs-d77mk kernel: CPU0: Thermal monitoring enabled (TM1)
ago 09 10:22:07 lfgs-d77mk kernel: process: using mwait in idle threads
ago 09 10:22:07 lfgs-d77mk kernel: Last level iTLB entries: 4KB 512, 2MB 8, 4MB 8
ago 09 10:22:07 lfgs-d77mk kernel: Last level dTLB entries: 4KB 512, 2MB 32, 4MB 32, 1GB 0
ago 09 10:22:07 lfgs-d77mk kernel: Spectre V1 : Mitigation: usercopy/swapgs barriers and __user pointer sanitization
ago 09 10:22:07 lfgs-d77mk kernel: Spectre V2 : Mitigation: Retpolines
ago 09 10:22:07 lfgs-d77mk kernel: Spectre V2 : Spectre v2 / SpectreRSB mitigation: Filling RSB on context switch
ago 09 10:22:07 lfgs-d77mk kernel: Spectre V2 : Spectre v2 / SpectreRSB : Filling RSB on VMEXIT
ago 09 10:22:07 lfgs-d77mk kernel: Spectre V2 : Enabling Restricted Speculation for firmware calls
ago 09 10:22:07 lfgs-d77mk kernel: Spectre V2 : mitigation: Enabling conditional Indirect Branch Prediction Barrier
ago 09 10:22:07 lfgs-d77mk kernel: Speculative Store Bypass: Mitigation: Speculative Store Bypass disabled via prctl
ago 09 10:22:07 lfgs-d77mk kernel: MDS: Mitigation: Clear CPU buffers
ago 09 10:22:07 lfgs-d77mk kernel: MMIO Stale Data: Unknown: No mitigations
ago 09 10:22:07 lfgs-d77mk kernel: SRBDS: Vulnerable: No microcode
ago 09 10:22:07 lfgs-d77mk kernel: Freeing SMP alternatives memory: 44K
ago 09 10:22:07 lfgs-d77mk kernel: smpboot: CPU0: Intel(R) Xeon(R) CPU E3-1225 V2 @ 3.20GHz (family: 0x6, model: 0x3a, stepping: 0x9)
ago 09 10:22:07 lfgs-d77mk kernel: cblist_init_generic: Setting adjustable number of callback queues.
ago 09 10:22:07 lfgs-d77mk kernel: cblist_init_generic: Setting shift to 2 and lim to 1.
ago 09 10:22:07 lfgs-d77mk kernel: cblist_init_generic: Setting shift to 2 and lim to 1.
ago 09 10:22:07 lfgs-d77mk kernel: cblist_init_generic: Setting shift to 2 and lim to 1.
ago 09 10:22:07 lfgs-d77mk kernel: Performance Events: PEBS fmt1+, IvyBridge events, 16-deep LBR, full-width counters, Intel PMU driver.
ago 09 10:22:07 lfgs-d77mk kernel: ... version:                3
ago 09 10:22:07 lfgs-d77mk kernel: ... bit width:              48
ago 09 10:22:07 lfgs-d77mk kernel: ... generic registers:      8
ago 09 10:22:07 lfgs-d77mk kernel: ... value mask:             0000ffffffffffff
ago 09 10:22:07 lfgs-d77mk kernel: ... max period:             00007fffffffffff
ago 09 10:22:07 lfgs-d77mk kernel: ... fixed-purpose events:   3
ago 09 10:22:07 lfgs-d77mk kernel: ... event mask:             00000007000000ff
ago 09 10:22:07 lfgs-d77mk kernel: Estimated ratio of average max frequency by base frequency (times 1024): 1088
ago 09 10:22:07 lfgs-d77mk kernel: rcu: Hierarchical SRCU implementation.
ago 09 10:22:07 lfgs-d77mk kernel: rcu:         Max phase no-delay instances is 1000.
ago 09 10:22:07 lfgs-d77mk kernel: NMI watchdog: Enabled. Permanently consumes one hw-PMU counter.
ago 09 10:22:07 lfgs-d77mk kernel: smp: Bringing up secondary CPUs ...
ago 09 10:22:07 lfgs-d77mk kernel: x86: Booting SMP configuration:
ago 09 10:22:07 lfgs-d77mk kernel: .... node  #0, CPUs:      #1 #2 #3
ago 09 10:22:07 lfgs-d77mk kernel: smp: Brought up 1 node, 4 CPUs
ago 09 10:22:07 lfgs-d77mk kernel: smpboot: Max logical packages: 1
ago 09 10:22:07 lfgs-d77mk kernel: smpboot: Total of 4 processors activated (25541.60 BogoMIPS)
ago 09 10:22:07 lfgs-d77mk kernel: devtmpfs: initialized
ago 09 10:22:07 lfgs-d77mk kernel: x86/mm: Memory block size: 128MB
ago 09 10:22:07 lfgs-d77mk kernel: ACPI: PM: Registering ACPI NVS region [mem 0xd624d000-0xd636cfff] (1179648 bytes)
ago 09 10:22:07 lfgs-d77mk kernel: ACPI: PM: Registering ACPI NVS region [mem 0xd667c000-0xd66befff] (274432 bytes)
ago 09 10:22:07 lfgs-d77mk kernel: clocksource: jiffies: mask: 0xffffffff max_cycles: 0xffffffff, max_idle_ns: 7645041785100000 ns
ago 09 10:22:07 lfgs-d77mk kernel: futex hash table entries: 1024 (order: 4, 65536 bytes, linear)
ago 09 10:22:07 lfgs-d77mk kernel: pinctrl core: initialized pinctrl subsystem
ago 09 10:22:07 lfgs-d77mk kernel: PM: RTC time: 14:21:38, date: 2023-08-09
ago 09 10:22:07 lfgs-d77mk kernel: NET: Registered PF_NETLINK/PF_ROUTE protocol family
ago 09 10:22:07 lfgs-d77mk kernel: DMA: preallocated 1024 KiB GFP_KERNEL pool for atomic allocations
ago 09 10:22:07 lfgs-d77mk kernel: DMA: preallocated 1024 KiB GFP_KERNEL|GFP_DMA pool for atomic allocations
ago 09 10:22:07 lfgs-d77mk kernel: DMA: preallocated 1024 KiB GFP_KERNEL|GFP_DMA32 pool for atomic allocations
ago 09 10:22:07 lfgs-d77mk kernel: audit: initializing netlink subsys (disabled)
ago 09 10:22:07 lfgs-d77mk kernel: audit: type=2000 audit(1691590898.052:1): state=initialized audit_enabled=0 res=1
ago 09 10:22:07 lfgs-d77mk kernel: thermal_sys: Registered thermal governor 'fair_share'
ago 09 10:22:07 lfgs-d77mk kernel: thermal_sys: Registered thermal governor 'bang_bang'
ago 09 10:22:07 lfgs-d77mk kernel: thermal_sys: Registered thermal governor 'step_wise'
ago 09 10:22:07 lfgs-d77mk kernel: thermal_sys: Registered thermal governor 'user_space'
ago 09 10:22:07 lfgs-d77mk kernel: thermal_sys: Registered thermal governor 'power_allocator'
ago 09 10:22:07 lfgs-d77mk kernel: EISA bus registered
ago 09 10:22:07 lfgs-d77mk kernel: cpuidle: using governor ladder
ago 09 10:22:07 lfgs-d77mk kernel: cpuidle: using governor menu
ago 09 10:22:07 lfgs-d77mk kernel: ACPI FADT declares the system doesn't support PCIe ASPM, so disable it
ago 09 10:22:07 lfgs-d77mk kernel: acpiphp: ACPI Hot Plug PCI Controller Driver version: 0.5
ago 09 10:22:07 lfgs-d77mk kernel: PCI: MMCONFIG for domain 0000 [bus 00-3f] at [mem 0xf8000000-0xfbffffff] (base 0xf8000000)
ago 09 10:22:07 lfgs-d77mk kernel: PCI: MMCONFIG at [mem 0xf8000000-0xfbffffff] reserved as E820 entry
ago 09 10:22:07 lfgs-d77mk kernel: pmd_set_huge: Cannot satisfy [mem 0xf8000000-0xf8200000] with a huge-page mapping due to MTRR override.
ago 09 10:22:07 lfgs-d77mk kernel: PCI: Using configuration type 1 for base access
ago 09 10:22:07 lfgs-d77mk kernel: core: PMU erratum BJ122, BV98, HSD29 workaround disabled, HT off
ago 09 10:22:07 lfgs-d77mk kernel: ENERGY_PERF_BIAS: Set to 'normal', was 'performance'
ago 09 10:22:07 lfgs-d77mk kernel: kprobes: kprobe jump-optimization is enabled. All kprobes are optimized if possible.
ago 09 10:22:07 lfgs-d77mk kernel: HugeTLB: registered 2.00 MiB page size, pre-allocated 0 pages
ago 09 10:22:07 lfgs-d77mk kernel: HugeTLB: 28 KiB vmemmap can be freed for a 2.00 MiB page
ago 09 10:22:07 lfgs-d77mk kernel: ACPI: Added _OSI(Module Device)
ago 09 10:22:07 lfgs-d77mk kernel: ACPI: Added _OSI(Processor Device)
ago 09 10:22:07 lfgs-d77mk kernel: ACPI: Added _OSI(3.0 _SCP Extensions)
ago 09 10:22:07 lfgs-d77mk kernel: ACPI: Added _OSI(Processor Aggregator Device)
ago 09 10:22:07 lfgs-d77mk kernel: ACPI: 4 ACPI AML tables successfully acquired and loaded
ago 09 10:22:07 lfgs-d77mk kernel: ACPI: Dynamic OEM Table Load:
ago 09 10:22:07 lfgs-d77mk kernel: ACPI: SSDT 0xFFFF91AC40E36000 00083B (v01 PmRef  Cpu0Cst  00003001 INTL 20051117)
ago 09 10:22:07 lfgs-d77mk kernel: ACPI: Dynamic OEM Table Load:
ago 09 10:22:07 lfgs-d77mk kernel: ACPI: SSDT 0xFFFF91AC40E99400 000303 (v01 PmRef  ApIst    00003000 INTL 20051117)
ago 09 10:22:07 lfgs-d77mk kernel: ACPI: Dynamic OEM Table Load:
ago 09 10:22:07 lfgs-d77mk kernel: ACPI: SSDT 0xFFFF91AC41350000 000119 (v01 PmRef  ApCst    00003000 INTL 20051117)
ago 09 10:22:07 lfgs-d77mk kernel: ACPI: Interpreter enabled
ago 09 10:22:07 lfgs-d77mk kernel: ACPI: PM: (supports S0 S3 S4 S5)
ago 09 10:22:07 lfgs-d77mk kernel: ACPI: Using IOAPIC for interrupt routing
ago 09 10:22:07 lfgs-d77mk kernel: PCI: Using host bridge windows from ACPI; if necessary, use "pci=nocrs" and report a bug
ago 09 10:22:07 lfgs-d77mk kernel: PCI: Using E820 reservations for host bridge windows
ago 09 10:22:07 lfgs-d77mk kernel: ACPI: Enabled 16 GPEs in block 00 to 3F
ago 09 10:22:07 lfgs-d77mk kernel: ACPI: \_TZ_.FN00: New power resource
ago 09 10:22:07 lfgs-d77mk kernel: ACPI: \_TZ_.FN01: New power resource
ago 09 10:22:07 lfgs-d77mk kernel: ACPI: \_TZ_.FN02: New power resource
ago 09 10:22:07 lfgs-d77mk kernel: ACPI: \_TZ_.FN03: New power resource
ago 09 10:22:07 lfgs-d77mk kernel: ACPI: \_TZ_.FN04: New power resource
ago 09 10:22:07 lfgs-d77mk kernel: ACPI: PCI Root Bridge [PCI0] (domain 0000 [bus 00-3e])
ago 09 10:22:07 lfgs-d77mk kernel: acpi PNP0A08:00: _OSC: OS supports [ExtendedConfig ASPM ClockPM Segments MSI EDR HPX-Type3]
ago 09 10:22:07 lfgs-d77mk kernel: acpi PNP0A08:00: _OSC: platform does not support [PCIeHotplug SHPCHotplug PME]
ago 09 10:22:07 lfgs-d77mk kernel: acpi PNP0A08:00: _OSC: OS now controls [AER PCIeCapability LTR DPC]
ago 09 10:22:07 lfgs-d77mk kernel: acpi PNP0A08:00: FADT indicates ASPM is unsupported, using BIOS configuration
ago 09 10:22:07 lfgs-d77mk kernel: PCI host bridge to bus 0000:00
ago 09 10:22:07 lfgs-d77mk kernel: pci_bus 0000:00: root bus resource [io  0x0000-0x0cf7 window]
ago 09 10:22:07 lfgs-d77mk kernel: pci_bus 0000:00: root bus resource [io  0x0d00-0xffff window]
ago 09 10:22:07 lfgs-d77mk kernel: pci_bus 0000:00: root bus resource [mem 0x000a0000-0x000bffff window]
ago 09 10:22:07 lfgs-d77mk kernel: pci_bus 0000:00: root bus resource [mem 0x000d4000-0x000e7fff window]
ago 09 10:22:07 lfgs-d77mk kernel: pci_bus 0000:00: root bus resource [mem 0xdfa00000-0xfeafffff window]
ago 09 10:22:07 lfgs-d77mk kernel: pci_bus 0000:00: root bus resource [bus 00-3e]
ago 09 10:22:07 lfgs-d77mk kernel: pci 0000:00:00.0: [8086:0158] type 00 class 0x060000
ago 09 10:22:07 lfgs-d77mk kernel: pci 0000:00:02.0: [8086:016a] type 00 class 0x030000
ago 09 10:22:07 lfgs-d77mk kernel: pci 0000:00:02.0: reg 0x10: [mem 0xf7800000-0xf7bfffff 64bit]
ago 09 10:22:07 lfgs-d77mk kernel: pci 0000:00:02.0: reg 0x18: [mem 0xe0000000-0xefffffff 64bit pref]
ago 09 10:22:07 lfgs-d77mk kernel: pci 0000:00:02.0: reg 0x20: [io  0xf000-0xf03f]
ago 09 10:22:07 lfgs-d77mk kernel: pci 0000:00:02.0: Video device with shadowed ROM at [mem 0x000c0000-0x000dffff]
ago 09 10:22:07 lfgs-d77mk kernel: pci 0000:00:14.0: [8086:1e31] type 00 class 0x0c0330
ago 09 10:22:07 lfgs-d77mk kernel: pci 0000:00:14.0: reg 0x10: [mem 0xf7f20000-0xf7f2ffff 64bit]
ago 09 10:22:07 lfgs-d77mk kernel: pci 0000:00:14.0: PME# supported from D3hot D3cold
ago 09 10:22:07 lfgs-d77mk kernel: pci 0000:00:16.0: [8086:1e3a] type 00 class 0x078000
ago 09 10:22:07 lfgs-d77mk kernel: pci 0000:00:16.0: reg 0x10: [mem 0xf7f3c000-0xf7f3c00f 64bit]
ago 09 10:22:07 lfgs-d77mk kernel: pci 0000:00:16.0: PME# supported from D0 D3hot D3cold
ago 09 10:22:07 lfgs-d77mk kernel: pci 0000:00:16.3: [8086:1e3d] type 00 class 0x070002
ago 09 10:22:07 lfgs-d77mk kernel: pci 0000:00:16.3: reg 0x10: [io  0xf0e0-0xf0e7]
ago 09 10:22:07 lfgs-d77mk kernel: pci 0000:00:16.3: reg 0x14: [mem 0xf7f3a000-0xf7f3afff]
ago 09 10:22:07 lfgs-d77mk kernel: pci 0000:00:19.0: [8086:1502] type 00 class 0x020000
ago 09 10:22:07 lfgs-d77mk kernel: pci 0000:00:19.0: reg 0x10: [mem 0xf7f00000-0xf7f1ffff]
ago 09 10:22:07 lfgs-d77mk kernel: pci 0000:00:19.0: reg 0x14: [mem 0xf7f39000-0xf7f39fff]
ago 09 10:22:07 lfgs-d77mk kernel: pci 0000:00:19.0: reg 0x18: [io  0xf080-0xf09f]
ago 09 10:22:07 lfgs-d77mk kernel: pci 0000:00:19.0: PME# supported from D0 D3hot D3cold
ago 09 10:22:07 lfgs-d77mk kernel: pci 0000:00:1a.0: [8086:1e2d] type 00 class 0x0c0320
ago 09 10:22:07 lfgs-d77mk kernel: pci 0000:00:1a.0: reg 0x10: [mem 0xf7f38000-0xf7f383ff]
ago 09 10:22:07 lfgs-d77mk kernel: pci 0000:00:1a.0: PME# supported from D0 D3hot D3cold
ago 09 10:22:07 lfgs-d77mk kernel: pci 0000:00:1b.0: [8086:1e20] type 00 class 0x040300
ago 09 10:22:07 lfgs-d77mk kernel: pci 0000:00:1b.0: reg 0x10: [mem 0xf7f30000-0xf7f33fff 64bit]
ago 09 10:22:07 lfgs-d77mk kernel: pci 0000:00:1b.0: PME# supported from D0 D3hot D3cold
ago 09 10:22:07 lfgs-d77mk kernel: pci 0000:00:1c.0: [8086:1e10] type 01 class 0x060400
ago 09 10:22:07 lfgs-d77mk kernel: pci 0000:00:1c.0: PME# supported from D0 D3hot D3cold
ago 09 10:22:07 lfgs-d77mk kernel: pci 0000:00:1c.4: [8086:1e18] type 01 class 0x060400
ago 09 10:22:07 lfgs-d77mk kernel: pci 0000:00:1c.4: PME# supported from D0 D3hot D3cold
ago 09 10:22:07 lfgs-d77mk kernel: pci 0000:00:1c.6: [8086:1e1c] type 01 class 0x060400
ago 09 10:22:07 lfgs-d77mk kernel: pci 0000:00:1c.6: PME# supported from D0 D3hot D3cold
ago 09 10:22:07 lfgs-d77mk kernel: pci 0000:00:1d.0: [8086:1e26] type 00 class 0x0c0320
ago 09 10:22:07 lfgs-d77mk kernel: pci 0000:00:1d.0: reg 0x10: [mem 0xf7f37000-0xf7f373ff]
ago 09 10:22:07 lfgs-d77mk kernel: pci 0000:00:1d.0: PME# supported from D0 D3hot D3cold
ago 09 10:22:07 lfgs-d77mk kernel: pci 0000:00:1e.0: [8086:244e] type 01 class 0x060401
ago 09 10:22:07 lfgs-d77mk kernel: pci 0000:00:1f.0: [8086:1e47] type 00 class 0x060100
ago 09 10:22:07 lfgs-d77mk kernel: pci 0000:00:1f.2: [8086:1e02] type 00 class 0x010601
ago 09 10:22:07 lfgs-d77mk kernel: pci 0000:00:1f.2: reg 0x10: [io  0xf0d0-0xf0d7]
ago 09 10:22:07 lfgs-d77mk kernel: pci 0000:00:1f.2: reg 0x14: [io  0xf0c0-0xf0c3]
ago 09 10:22:07 lfgs-d77mk kernel: pci 0000:00:1f.2: reg 0x18: [io  0xf0b0-0xf0b7]
ago 09 10:22:07 lfgs-d77mk kernel: pci 0000:00:1f.2: reg 0x1c: [io  0xf0a0-0xf0a3]
ago 09 10:22:07 lfgs-d77mk kernel: pci 0000:00:1f.2: reg 0x20: [io  0xf060-0xf07f]
ago 09 10:22:07 lfgs-d77mk kernel: pci 0000:00:1f.2: reg 0x24: [mem 0xf7f36000-0xf7f367ff]
ago 09 10:22:07 lfgs-d77mk kernel: pci 0000:00:1f.2: PME# supported from D3hot
ago 09 10:22:07 lfgs-d77mk kernel: pci 0000:00:1f.3: [8086:1e22] type 00 class 0x0c0500
ago 09 10:22:07 lfgs-d77mk kernel: pci 0000:00:1f.3: reg 0x10: [mem 0xf7f35000-0xf7f350ff 64bit]
ago 09 10:22:07 lfgs-d77mk kernel: pci 0000:00:1f.3: reg 0x20: [io  0xf040-0xf05f]
ago 09 10:22:07 lfgs-d77mk kernel: pci 0000:00:1c.0: PCI bridge to [bus 01]
ago 09 10:22:07 lfgs-d77mk kernel: pci 0000:02:00.0: [168c:002b] type 00 class 0x028000
ago 09 10:22:07 lfgs-d77mk kernel: pci 0000:02:00.0: reg 0x10: [mem 0xf7e00000-0xf7e0ffff 64bit]
ago 09 10:22:07 lfgs-d77mk kernel: pci 0000:02:00.0: supports D1
ago 09 10:22:07 lfgs-d77mk kernel: pci 0000:02:00.0: PME# supported from D0 D1 D3hot D3cold
ago 09 10:22:07 lfgs-d77mk kernel: pci 0000:00:1c.4: PCI bridge to [bus 02]
ago 09 10:22:07 lfgs-d77mk kernel: pci 0000:00:1c.4:   bridge window [mem 0xf7e00000-0xf7efffff]
ago 09 10:22:07 lfgs-d77mk kernel: pci 0000:03:00.0: [8086:10d3] type 00 class 0x020000
ago 09 10:22:07 lfgs-d77mk kernel: pci 0000:03:00.0: reg 0x10: [mem 0xf7d00000-0xf7d1ffff]
ago 09 10:22:07 lfgs-d77mk kernel: pci 0000:03:00.0: reg 0x18: [io  0xe000-0xe01f]
ago 09 10:22:07 lfgs-d77mk kernel: pci 0000:03:00.0: reg 0x1c: [mem 0xf7d20000-0xf7d23fff]
ago 09 10:22:07 lfgs-d77mk kernel: pci 0000:03:00.0: PME# supported from D0 D3hot D3cold
ago 09 10:22:07 lfgs-d77mk kernel: pci 0000:00:1c.6: PCI bridge to [bus 03]
ago 09 10:22:07 lfgs-d77mk kernel: pci 0000:00:1c.6:   bridge window [io  0xe000-0xefff]
ago 09 10:22:07 lfgs-d77mk kernel: pci 0000:00:1c.6:   bridge window [mem 0xf7d00000-0xf7dfffff]
ago 09 10:22:07 lfgs-d77mk kernel: pci_bus 0000:04: extended config space not accessible
ago 09 10:22:07 lfgs-d77mk kernel: pci 0000:04:03.0: [11c1:5811] type 00 class 0x0c0010
ago 09 10:22:07 lfgs-d77mk kernel: pci 0000:04:03.0: reg 0x10: [mem 0xf7c00000-0xf7c00fff]
ago 09 10:22:07 lfgs-d77mk kernel: pci 0000:04:03.0: supports D1 D2
ago 09 10:22:07 lfgs-d77mk kernel: pci 0000:04:03.0: PME# supported from D0 D1 D2 D3hot
ago 09 10:22:07 lfgs-d77mk kernel: pci 0000:00:1e.0: PCI bridge to [bus 04] (subtractive decode)
ago 09 10:22:07 lfgs-d77mk kernel: pci 0000:00:1e.0:   bridge window [mem 0xf7c00000-0xf7cfffff]
ago 09 10:22:07 lfgs-d77mk kernel: pci 0000:00:1e.0:   bridge window [io  0x0000-0x0cf7 window] (subtractive decode)
ago 09 10:22:07 lfgs-d77mk kernel: pci 0000:00:1e.0:   bridge window [io  0x0d00-0xffff window] (subtractive decode)
ago 09 10:22:07 lfgs-d77mk kernel: pci 0000:00:1e.0:   bridge window [mem 0x000a0000-0x000bffff window] (subtractive decode)
ago 09 10:22:07 lfgs-d77mk kernel: pci 0000:00:1e.0:   bridge window [mem 0x000d4000-0x000e7fff window] (subtractive decode)
ago 09 10:22:07 lfgs-d77mk kernel: pci 0000:00:1e.0:   bridge window [mem 0xdfa00000-0xfeafffff window] (subtractive decode)
ago 09 10:22:07 lfgs-d77mk kernel: ACPI: PCI: Interrupt link LNKA configured for IRQ 11
ago 09 10:22:07 lfgs-d77mk kernel: ACPI: PCI: Interrupt link LNKB configured for IRQ 0
ago 09 10:22:07 lfgs-d77mk kernel: ACPI: PCI: Interrupt link LNKB disabled
ago 09 10:22:07 lfgs-d77mk kernel: ACPI: PCI: Interrupt link LNKC configured for IRQ 11
ago 09 10:22:07 lfgs-d77mk kernel: ACPI: PCI: Interrupt link LNKD configured for IRQ 10
ago 09 10:22:07 lfgs-d77mk kernel: ACPI: PCI: Interrupt link LNKE configured for IRQ 5
ago 09 10:22:07 lfgs-d77mk kernel: ACPI: PCI: Interrupt link LNKF configured for IRQ 0
ago 09 10:22:07 lfgs-d77mk kernel: ACPI: PCI: Interrupt link LNKF disabled
ago 09 10:22:07 lfgs-d77mk kernel: ACPI: PCI: Interrupt link LNKG configured for IRQ 3
ago 09 10:22:07 lfgs-d77mk kernel: ACPI: PCI: Interrupt link LNKH configured for IRQ 10
ago 09 10:22:07 lfgs-d77mk kernel: iommu: Default domain type: Translated 
ago 09 10:22:07 lfgs-d77mk kernel: iommu: DMA domain TLB invalidation policy: lazy mode 
ago 09 10:22:07 lfgs-d77mk kernel: SCSI subsystem initialized
ago 09 10:22:07 lfgs-d77mk kernel: libata version 3.00 loaded.
ago 09 10:22:07 lfgs-d77mk kernel: ACPI: bus type USB registered
ago 09 10:22:07 lfgs-d77mk kernel: usbcore: registered new interface driver usbfs
ago 09 10:22:07 lfgs-d77mk kernel: usbcore: registered new interface driver hub
ago 09 10:22:07 lfgs-d77mk kernel: usbcore: registered new device driver usb
ago 09 10:22:07 lfgs-d77mk kernel: pps_core: LinuxPPS API ver. 1 registered
ago 09 10:22:07 lfgs-d77mk kernel: pps_core: Software ver. 5.3.6 - Copyright 2005-2007 Rodolfo Giometti <giometti@linux.it>
ago 09 10:22:07 lfgs-d77mk kernel: PTP clock support registered
ago 09 10:22:07 lfgs-d77mk kernel: EDAC MC: Ver: 3.0.0
ago 09 10:22:07 lfgs-d77mk kernel: NetLabel: Initializing
ago 09 10:22:07 lfgs-d77mk kernel: NetLabel:  domain hash size = 128
ago 09 10:22:07 lfgs-d77mk kernel: NetLabel:  protocols = UNLABELED CIPSOv4 CALIPSO
ago 09 10:22:07 lfgs-d77mk kernel: NetLabel:  unlabeled traffic allowed by default
ago 09 10:22:07 lfgs-d77mk kernel: mctp: management component transport protocol core
ago 09 10:22:07 lfgs-d77mk kernel: NET: Registered PF_MCTP protocol family
ago 09 10:22:07 lfgs-d77mk kernel: PCI: Using ACPI for IRQ routing
ago 09 10:22:07 lfgs-d77mk kernel: PCI: pci_cache_line_size set to 64 bytes
ago 09 10:22:07 lfgs-d77mk kernel: e820: reserve RAM buffer [mem 0x0009d800-0x0009ffff]
ago 09 10:22:07 lfgs-d77mk kernel: e820: reserve RAM buffer [mem 0x40004000-0x43ffffff]
ago 09 10:22:07 lfgs-d77mk kernel: e820: reserve RAM buffer [mem 0xd5b3f000-0xd7ffffff]
ago 09 10:22:07 lfgs-d77mk kernel: e820: reserve RAM buffer [mem 0xd667c000-0xd7ffffff]
ago 09 10:22:07 lfgs-d77mk kernel: e820: reserve RAM buffer [mem 0xd7000000-0xd7ffffff]
ago 09 10:22:07 lfgs-d77mk kernel: e820: reserve RAM buffer [mem 0x21e600000-0x21fffffff]
ago 09 10:22:07 lfgs-d77mk kernel: pci 0000:00:02.0: vgaarb: setting as boot VGA device
ago 09 10:22:07 lfgs-d77mk kernel: pci 0000:00:02.0: vgaarb: bridge control possible
ago 09 10:22:07 lfgs-d77mk kernel: pci 0000:00:02.0: vgaarb: VGA device added: decodes=io+mem,owns=io+mem,locks=none
ago 09 10:22:07 lfgs-d77mk kernel: vgaarb: loaded
ago 09 10:22:07 lfgs-d77mk kernel: hpet0: at MMIO 0xfed00000, IRQs 2, 8, 0, 0, 0, 0, 0, 0
ago 09 10:22:07 lfgs-d77mk kernel: hpet0: 8 comparators, 64-bit 14.318180 MHz counter
ago 09 10:22:07 lfgs-d77mk kernel: clocksource: Switched to clocksource tsc-early
ago 09 10:22:07 lfgs-d77mk kernel: VFS: Disk quotas dquot_6.6.0
ago 09 10:22:07 lfgs-d77mk kernel: VFS: Dquot-cache hash table entries: 512 (order 0, 4096 bytes)
ago 09 10:22:07 lfgs-d77mk kernel: AppArmor: AppArmor Filesystem Enabled
ago 09 10:22:07 lfgs-d77mk kernel: pnp: PnP ACPI init
ago 09 10:22:07 lfgs-d77mk kernel: system 00:00: [io  0x0680-0x069f] has been reserved
ago 09 10:22:07 lfgs-d77mk kernel: system 00:00: [io  0x1000-0x100f] has been reserved
ago 09 10:22:07 lfgs-d77mk kernel: system 00:00: [io  0xffff] has been reserved
ago 09 10:22:07 lfgs-d77mk kernel: system 00:00: [io  0xffff] has been reserved
ago 09 10:22:07 lfgs-d77mk kernel: system 00:00: [io  0x0400-0x0453] has been reserved
ago 09 10:22:07 lfgs-d77mk kernel: system 00:00: [io  0x0458-0x047f] has been reserved
ago 09 10:22:07 lfgs-d77mk kernel: system 00:00: [io  0x0500-0x057f] has been reserved
ago 09 10:22:07 lfgs-d77mk kernel: system 00:00: [io  0x164e-0x164f] has been reserved
ago 09 10:22:07 lfgs-d77mk kernel: system 00:02: [io  0x0454-0x0457] has been reserved
ago 09 10:22:07 lfgs-d77mk kernel: system 00:03: [io  0x0a30-0x0a4f] has been reserved
ago 09 10:22:07 lfgs-d77mk kernel: system 00:03: [io  0x0a00-0x0a0f] has been reserved
ago 09 10:22:07 lfgs-d77mk kernel: system 00:04: [io  0x04d0-0x04d1] has been reserved
ago 09 10:22:07 lfgs-d77mk kernel: pnp 00:05: [dma 0 disabled]
ago 09 10:22:07 lfgs-d77mk kernel: system 00:07: [mem 0xfed1c000-0xfed1ffff] has been reserved
ago 09 10:22:07 lfgs-d77mk kernel: system 00:07: [mem 0xfed10000-0xfed17fff] has been reserved
ago 09 10:22:07 lfgs-d77mk kernel: system 00:07: [mem 0xfed18000-0xfed18fff] has been reserved
ago 09 10:22:07 lfgs-d77mk kernel: system 00:07: [mem 0xfed19000-0xfed19fff] has been reserved
ago 09 10:22:07 lfgs-d77mk kernel: system 00:07: [mem 0xf8000000-0xfbffffff] has been reserved
ago 09 10:22:07 lfgs-d77mk kernel: system 00:07: [mem 0xfed20000-0xfed3ffff] has been reserved
ago 09 10:22:07 lfgs-d77mk kernel: system 00:07: [mem 0xfed90000-0xfed93fff] could not be reserved
ago 09 10:22:07 lfgs-d77mk kernel: system 00:07: [mem 0xfed45000-0xfed8ffff] has been reserved
ago 09 10:22:07 lfgs-d77mk kernel: system 00:07: [mem 0xff000000-0xffffffff] has been reserved
ago 09 10:22:07 lfgs-d77mk kernel: system 00:07: [mem 0xfee00000-0xfeefffff] could not be reserved
ago 09 10:22:07 lfgs-d77mk kernel: system 00:07: [mem 0xdfa00000-0xdfa00fff] has been reserved
ago 09 10:22:07 lfgs-d77mk kernel: system 00:08: [mem 0x20000000-0x201fffff] has been reserved
ago 09 10:22:07 lfgs-d77mk kernel: system 00:08: [mem 0x40004000-0x40004fff] has been reserved
ago 09 10:22:07 lfgs-d77mk kernel: pnp: PnP ACPI: found 9 devices
ago 09 10:22:07 lfgs-d77mk kernel: clocksource: acpi_pm: mask: 0xffffff max_cycles: 0xffffff, max_idle_ns: 2085701024 ns
ago 09 10:22:07 lfgs-d77mk kernel: NET: Registered PF_INET protocol family
ago 09 10:22:07 lfgs-d77mk kernel: IP idents hash table entries: 131072 (order: 8, 1048576 bytes, linear)
ago 09 10:22:07 lfgs-d77mk kernel: tcp_listen_portaddr_hash hash table entries: 4096 (order: 4, 65536 bytes, linear)
ago 09 10:22:07 lfgs-d77mk kernel: Table-perturb hash table entries: 65536 (order: 6, 262144 bytes, linear)
ago 09 10:22:07 lfgs-d77mk kernel: TCP established hash table entries: 65536 (order: 7, 524288 bytes, linear)
ago 09 10:22:07 lfgs-d77mk kernel: TCP bind hash table entries: 65536 (order: 9, 2097152 bytes, linear)
ago 09 10:22:07 lfgs-d77mk kernel: TCP: Hash tables configured (established 65536 bind 65536)
ago 09 10:22:07 lfgs-d77mk kernel: MPTCP token hash table entries: 8192 (order: 5, 196608 bytes, linear)
ago 09 10:22:07 lfgs-d77mk kernel: UDP hash table entries: 4096 (order: 5, 131072 bytes, linear)
ago 09 10:22:07 lfgs-d77mk kernel: UDP-Lite hash table entries: 4096 (order: 5, 131072 bytes, linear)
ago 09 10:22:07 lfgs-d77mk kernel: NET: Registered PF_UNIX/PF_LOCAL protocol family
ago 09 10:22:07 lfgs-d77mk kernel: NET: Registered PF_XDP protocol family
ago 09 10:22:07 lfgs-d77mk kernel: pci 0000:00:1c.0: PCI bridge to [bus 01]
ago 09 10:22:07 lfgs-d77mk kernel: pci 0000:00:1c.4: PCI bridge to [bus 02]
ago 09 10:22:07 lfgs-d77mk kernel: pci 0000:00:1c.4:   bridge window [mem 0xf7e00000-0xf7efffff]
ago 09 10:22:07 lfgs-d77mk kernel: pci 0000:00:1c.6: PCI bridge to [bus 03]
ago 09 10:22:07 lfgs-d77mk kernel: pci 0000:00:1c.6:   bridge window [io  0xe000-0xefff]
ago 09 10:22:07 lfgs-d77mk kernel: pci 0000:00:1c.6:   bridge window [mem 0xf7d00000-0xf7dfffff]
ago 09 10:22:07 lfgs-d77mk kernel: pci 0000:00:1e.0: PCI bridge to [bus 04]
ago 09 10:22:07 lfgs-d77mk kernel: pci 0000:00:1e.0:   bridge window [mem 0xf7c00000-0xf7cfffff]
ago 09 10:22:07 lfgs-d77mk kernel: pci_bus 0000:00: resource 4 [io  0x0000-0x0cf7 window]
ago 09 10:22:07 lfgs-d77mk kernel: pci_bus 0000:00: resource 5 [io  0x0d00-0xffff window]
ago 09 10:22:07 lfgs-d77mk kernel: pci_bus 0000:00: resource 6 [mem 0x000a0000-0x000bffff window]
ago 09 10:22:07 lfgs-d77mk kernel: pci_bus 0000:00: resource 7 [mem 0x000d4000-0x000e7fff window]
ago 09 10:22:07 lfgs-d77mk kernel: pci_bus 0000:00: resource 8 [mem 0xdfa00000-0xfeafffff window]
ago 09 10:22:07 lfgs-d77mk kernel: pci_bus 0000:02: resource 1 [mem 0xf7e00000-0xf7efffff]
ago 09 10:22:07 lfgs-d77mk kernel: pci_bus 0000:03: resource 0 [io  0xe000-0xefff]
ago 09 10:22:07 lfgs-d77mk kernel: pci_bus 0000:03: resource 1 [mem 0xf7d00000-0xf7dfffff]
ago 09 10:22:07 lfgs-d77mk kernel: pci_bus 0000:04: resource 1 [mem 0xf7c00000-0xf7cfffff]
ago 09 10:22:07 lfgs-d77mk kernel: pci_bus 0000:04: resource 4 [io  0x0000-0x0cf7 window]
ago 09 10:22:07 lfgs-d77mk kernel: pci_bus 0000:04: resource 5 [io  0x0d00-0xffff window]
ago 09 10:22:07 lfgs-d77mk kernel: pci_bus 0000:04: resource 6 [mem 0x000a0000-0x000bffff window]
ago 09 10:22:07 lfgs-d77mk kernel: pci_bus 0000:04: resource 7 [mem 0x000d4000-0x000e7fff window]
ago 09 10:22:07 lfgs-d77mk kernel: pci_bus 0000:04: resource 8 [mem 0xdfa00000-0xfeafffff window]
ago 09 10:22:07 lfgs-d77mk kernel: pci 0000:00:1a.0: quirk_usb_early_handoff+0x0/0x190 took 23408 usecs
ago 09 10:22:07 lfgs-d77mk kernel: pci 0000:00:1d.0: quirk_usb_early_handoff+0x0/0x190 took 23410 usecs
ago 09 10:22:07 lfgs-d77mk kernel: pci 0000:02:00.0: CLS mismatch (64 != 32), using 64 bytes
ago 09 10:22:07 lfgs-d77mk kernel: PCI-DMA: Using software bounce buffering for IO (SWIOTLB)
ago 09 10:22:07 lfgs-d77mk kernel: software IO TLB: mapped [mem 0x00000000d1b3f000-0x00000000d5b3f000] (64MB)
ago 09 10:22:07 lfgs-d77mk kernel: Trying to unpack rootfs image as initramfs...
ago 09 10:22:07 lfgs-d77mk kernel: Initialise system trusted keyrings
ago 09 10:22:07 lfgs-d77mk kernel: Key type blacklist registered
ago 09 10:22:07 lfgs-d77mk kernel: workingset: timestamp_bits=36 max_order=21 bucket_order=0
ago 09 10:22:07 lfgs-d77mk kernel: zbud: loaded
ago 09 10:22:07 lfgs-d77mk kernel: squashfs: version 4.0 (2009/01/31) Phillip Lougher
ago 09 10:22:07 lfgs-d77mk kernel: fuse: init (API version 7.38)
ago 09 10:22:07 lfgs-d77mk kernel: integrity: Platform Keyring initialized
ago 09 10:22:07 lfgs-d77mk kernel: integrity: Machine keyring initialized
ago 09 10:22:07 lfgs-d77mk kernel: Key type asymmetric registered
ago 09 10:22:07 lfgs-d77mk kernel: Asymmetric key parser 'x509' registered
ago 09 10:22:07 lfgs-d77mk kernel: Block layer SCSI generic (bsg) driver version 0.4 loaded (major 243)
ago 09 10:22:07 lfgs-d77mk kernel: io scheduler mq-deadline registered
ago 09 10:22:07 lfgs-d77mk kernel: shpchp: Standard Hot Plug PCI Controller Driver version: 0.4
ago 09 10:22:07 lfgs-d77mk kernel: input: Power Button as /devices/LNXSYSTM:00/LNXSYBUS:00/PNP0C0C:00/input/input0
ago 09 10:22:07 lfgs-d77mk kernel: ACPI: button: Power Button [PWRB]
ago 09 10:22:07 lfgs-d77mk kernel: input: Power Button as /devices/LNXSYSTM:00/LNXPWRBN:00/input/input1
ago 09 10:22:07 lfgs-d77mk kernel: ACPI: button: Power Button [PWRF]
ago 09 10:22:07 lfgs-d77mk kernel: thermal LNXTHERM:00: registered as thermal_zone0
ago 09 10:22:07 lfgs-d77mk kernel: ACPI: thermal: Thermal Zone [TZ00] (28 C)
ago 09 10:22:07 lfgs-d77mk kernel: thermal LNXTHERM:01: registered as thermal_zone1
ago 09 10:22:07 lfgs-d77mk kernel: ACPI: thermal: Thermal Zone [TZ01] (30 C)
ago 09 10:22:07 lfgs-d77mk kernel: Serial: 8250/16550 driver, 32 ports, IRQ sharing enabled
ago 09 10:22:07 lfgs-d77mk kernel: 00:05: ttyS0 at I/O 0x3f8 (irq = 4, base_baud = 115200) is a 16550A
ago 09 10:22:07 lfgs-d77mk kernel: 0000:00:16.3: ttyS4 at I/O 0xf0e0 (irq = 19, base_baud = 115200) is a 16550A
ago 09 10:22:07 lfgs-d77mk kernel: Linux agpgart interface v0.103
ago 09 10:22:07 lfgs-d77mk kernel: tpm_tis 00:06: 1.2 TPM (device-id 0xFE, rev-id 71)
ago 09 10:22:07 lfgs-d77mk kernel: loop: module loaded
ago 09 10:22:07 lfgs-d77mk kernel: tun: Universal TUN/TAP device driver, 1.6
ago 09 10:22:07 lfgs-d77mk kernel: PPP generic driver version 2.4.2
ago 09 10:22:07 lfgs-d77mk kernel: i8042: PNP: No PS/2 controller found.
ago 09 10:22:07 lfgs-d77mk kernel: mousedev: PS/2 mouse device common for all mice
ago 09 10:22:07 lfgs-d77mk kernel: ehci-pci 0000:00:1a.0: EHCI Host Controller
ago 09 10:22:07 lfgs-d77mk kernel: ehci-pci 0000:00:1a.0: new USB bus registered, assigned bus number 1
ago 09 10:22:07 lfgs-d77mk kernel: ehci-pci 0000:00:1a.0: debug port 2
ago 09 10:22:07 lfgs-d77mk kernel: ehci-pci 0000:00:1a.0: irq 16, io mem 0xf7f38000
ago 09 10:22:07 lfgs-d77mk kernel: rtc_cmos 00:01: RTC can wake from S4
ago 09 10:22:07 lfgs-d77mk kernel: rtc_cmos 00:01: registered as rtc0
ago 09 10:22:07 lfgs-d77mk kernel: rtc_cmos 00:01: setting system clock to 2023-08-09T14:21:38 UTC (1691590898)
ago 09 10:22:07 lfgs-d77mk kernel: rtc_cmos 00:01: alarms up to one month, y3k, 242 bytes nvram, hpet irqs
ago 09 10:22:07 lfgs-d77mk kernel: i2c_dev: i2c /dev entries driver
ago 09 10:22:07 lfgs-d77mk kernel: device-mapper: core: CONFIG_IMA_DISABLE_HTABLE is disabled. Duplicate IMA measurements will not be recorded in the IMA log.
ago 09 10:22:07 lfgs-d77mk kernel: device-mapper: uevent: version 1.0.3
ago 09 10:22:07 lfgs-d77mk kernel: device-mapper: ioctl: 4.47.0-ioctl (2022-07-28) initialised: dm-devel@redhat.com
ago 09 10:22:07 lfgs-d77mk kernel: platform eisa.0: Probing EISA bus 0
ago 09 10:22:07 lfgs-d77mk kernel: platform eisa.0: EISA: Cannot allocate resource for mainboard
ago 09 10:22:07 lfgs-d77mk kernel: platform eisa.0: Cannot allocate resource for EISA slot 1
ago 09 10:22:07 lfgs-d77mk kernel: platform eisa.0: Cannot allocate resource for EISA slot 2
ago 09 10:22:07 lfgs-d77mk kernel: platform eisa.0: Cannot allocate resource for EISA slot 3
ago 09 10:22:07 lfgs-d77mk kernel: platform eisa.0: Cannot allocate resource for EISA slot 4
ago 09 10:22:07 lfgs-d77mk kernel: platform eisa.0: Cannot allocate resource for EISA slot 5
ago 09 10:22:07 lfgs-d77mk kernel: platform eisa.0: Cannot allocate resource for EISA slot 6
ago 09 10:22:07 lfgs-d77mk kernel: platform eisa.0: Cannot allocate resource for EISA slot 7
ago 09 10:22:07 lfgs-d77mk kernel: platform eisa.0: Cannot allocate resource for EISA slot 8
ago 09 10:22:07 lfgs-d77mk kernel: platform eisa.0: EISA: Detected 0 cards
ago 09 10:22:07 lfgs-d77mk kernel: intel_pstate: Intel P-state driver initializing
ago 09 10:22:07 lfgs-d77mk kernel: ledtrig-cpu: registered to indicate activity on CPUs
ago 09 10:22:07 lfgs-d77mk kernel: vesafb: mode is 640x480x32, linelength=2560, pages=0
ago 09 10:22:07 lfgs-d77mk kernel: vesafb: scrolling: redraw
ago 09 10:22:07 lfgs-d77mk kernel: vesafb: Truecolor: size=8:8:8:8, shift=24:16:8:0
ago 09 10:22:07 lfgs-d77mk kernel: vesafb: framebuffer at 0xe0000000, mapped to 0x0000000006a4b376, using 1216k, total 1216k
ago 09 10:22:07 lfgs-d77mk kernel: fbcon: Deferring console take-over
ago 09 10:22:07 lfgs-d77mk kernel: fb0: VESA VGA frame buffer device
ago 09 10:22:07 lfgs-d77mk kernel: drop_monitor: Initializing network drop monitor service
ago 09 10:22:07 lfgs-d77mk kernel: ehci-pci 0000:00:1a.0: USB 2.0 started, EHCI 1.00
ago 09 10:22:07 lfgs-d77mk kernel: usb usb1: New USB device found, idVendor=1d6b, idProduct=0002, bcdDevice= 6.02
ago 09 10:22:07 lfgs-d77mk kernel: usb usb1: New USB device strings: Mfr=3, Product=2, SerialNumber=1
ago 09 10:22:07 lfgs-d77mk kernel: usb usb1: Product: EHCI Host Controller
ago 09 10:22:07 lfgs-d77mk kernel: usb usb1: Manufacturer: Linux 6.2.0-26-generic ehci_hcd
ago 09 10:22:07 lfgs-d77mk kernel: usb usb1: SerialNumber: 0000:00:1a.0
ago 09 10:22:07 lfgs-d77mk kernel: hub 1-0:1.0: USB hub found
ago 09 10:22:07 lfgs-d77mk kernel: hub 1-0:1.0: 3 ports detected
ago 09 10:22:07 lfgs-d77mk kernel: ehci-pci 0000:00:1d.0: EHCI Host Controller
ago 09 10:22:07 lfgs-d77mk kernel: ehci-pci 0000:00:1d.0: new USB bus registered, assigned bus number 2
ago 09 10:22:07 lfgs-d77mk kernel: ehci-pci 0000:00:1d.0: debug port 2
ago 09 10:22:07 lfgs-d77mk kernel: NET: Registered PF_INET6 protocol family
ago 09 10:22:07 lfgs-d77mk kernel: ehci-pci 0000:00:1d.0: irq 23, io mem 0xf7f37000
ago 09 10:22:07 lfgs-d77mk kernel: ehci-pci 0000:00:1d.0: USB 2.0 started, EHCI 1.00
ago 09 10:22:07 lfgs-d77mk kernel: usb usb2: New USB device found, idVendor=1d6b, idProduct=0002, bcdDevice= 6.02
ago 09 10:22:07 lfgs-d77mk kernel: usb usb2: New USB device strings: Mfr=3, Product=2, SerialNumber=1
ago 09 10:22:07 lfgs-d77mk kernel: usb usb2: Product: EHCI Host Controller
ago 09 10:22:07 lfgs-d77mk kernel: usb usb2: Manufacturer: Linux 6.2.0-26-generic ehci_hcd
ago 09 10:22:07 lfgs-d77mk kernel: usb usb2: SerialNumber: 0000:00:1d.0
ago 09 10:22:07 lfgs-d77mk kernel: hub 2-0:1.0: USB hub found
ago 09 10:22:07 lfgs-d77mk kernel: hub 2-0:1.0: 3 ports detected
ago 09 10:22:07 lfgs-d77mk kernel: usb 1-1: new high-speed USB device number 2 using ehci-pci
ago 09 10:22:07 lfgs-d77mk kernel: usb 2-1: new high-speed USB device number 2 using ehci-pci
ago 09 10:22:07 lfgs-d77mk kernel: Freeing initrd memory: 74656K
ago 09 10:22:07 lfgs-d77mk kernel: Segment Routing with IPv6
ago 09 10:22:07 lfgs-d77mk kernel: In-situ OAM (IOAM) with IPv6
ago 09 10:22:07 lfgs-d77mk kernel: NET: Registered PF_PACKET protocol family
ago 09 10:22:07 lfgs-d77mk kernel: Key type dns_resolver registered
ago 09 10:22:07 lfgs-d77mk kernel: microcode: Microcode Update Driver: v2.2.
ago 09 10:22:07 lfgs-d77mk kernel: IPI shorthand broadcast: enabled
ago 09 10:22:07 lfgs-d77mk kernel: sched_clock: Marking stable (675845183, 197230)->(678254249, -2211836)
ago 09 10:22:07 lfgs-d77mk kernel: registered taskstats version 1
ago 09 10:22:07 lfgs-d77mk kernel: Loading compiled-in X.509 certificates
ago 09 10:22:07 lfgs-d77mk kernel: Loaded X.509 cert 'Build time autogenerated kernel key: 7e8a911f7d9cb786faff21a04ffcc222d06c6972'
ago 09 10:22:07 lfgs-d77mk kernel: Loaded X.509 cert 'Canonical Ltd. Live Patch Signing: 14df34d1a87cf37625abec039ef2bf521249b969'
ago 09 10:22:07 lfgs-d77mk kernel: Loaded X.509 cert 'Canonical Ltd. Kernel Module Signing: 88f752e560a1e0737e31163a466ad7b70a850c19'
ago 09 10:22:07 lfgs-d77mk kernel: blacklist: Loading compiled-in revocation X.509 certificates
ago 09 10:22:07 lfgs-d77mk kernel: Loaded X.509 cert 'Canonical Ltd. Secure Boot Signing: 61482aa2830d0ab2ad5af10b7250da9033ddcef0'
ago 09 10:22:07 lfgs-d77mk kernel: Loaded X.509 cert 'Canonical Ltd. Secure Boot Signing (2017): 242ade75ac4a15e50d50c84b0d45ff3eae707a03'
ago 09 10:22:07 lfgs-d77mk kernel: Loaded X.509 cert 'Canonical Ltd. Secure Boot Signing (ESM 2018): 365188c1d374d6b07c3c8f240f8ef722433d6a8b'
ago 09 10:22:07 lfgs-d77mk kernel: Loaded X.509 cert 'Canonical Ltd. Secure Boot Signing (2019): c0746fd6c5da3ae827864651ad66ae47fe24b3e8'
ago 09 10:22:07 lfgs-d77mk kernel: Loaded X.509 cert 'Canonical Ltd. Secure Boot Signing (2021 v1): a8d54bbb3825cfb94fa13c9f8a594a195c107b8d'
ago 09 10:22:07 lfgs-d77mk kernel: Loaded X.509 cert 'Canonical Ltd. Secure Boot Signing (2021 v2): 4cf046892d6fd3c9a5b03f98d845f90851dc6a8c'
ago 09 10:22:07 lfgs-d77mk kernel: Loaded X.509 cert 'Canonical Ltd. Secure Boot Signing (2021 v3): 100437bb6de6e469b581e61cd66bce3ef4ed53af'
ago 09 10:22:07 lfgs-d77mk kernel: Loaded X.509 cert 'Canonical Ltd. Secure Boot Signing (Ubuntu Core 2019): c1d57b8f6b743f23ee41f4f7ee292f06eecadfb9'
ago 09 10:22:07 lfgs-d77mk kernel: zswap: loaded using pool lzo/zbud
ago 09 10:22:07 lfgs-d77mk kernel: Key type .fscrypt registered
ago 09 10:22:07 lfgs-d77mk kernel: Key type fscrypt-provisioning registered
ago 09 10:22:07 lfgs-d77mk kernel: Key type trusted registered
ago 09 10:22:07 lfgs-d77mk kernel: Key type encrypted registered
ago 09 10:22:07 lfgs-d77mk kernel: AppArmor: AppArmor sha1 policy hashing enabled
ago 09 10:22:07 lfgs-d77mk kernel: Loading compiled-in module X.509 certificates
ago 09 10:22:07 lfgs-d77mk kernel: Loaded X.509 cert 'Build time autogenerated kernel key: 7e8a911f7d9cb786faff21a04ffcc222d06c6972'
ago 09 10:22:07 lfgs-d77mk kernel: ima: Allocated hash algorithm: sha1
ago 09 10:22:07 lfgs-d77mk kernel: ima: No architecture policies found
ago 09 10:22:07 lfgs-d77mk kernel: evm: Initialising EVM extended attributes:
ago 09 10:22:07 lfgs-d77mk kernel: evm: security.selinux
ago 09 10:22:07 lfgs-d77mk kernel: evm: security.SMACK64
ago 09 10:22:07 lfgs-d77mk kernel: evm: security.SMACK64EXEC
ago 09 10:22:07 lfgs-d77mk kernel: evm: security.SMACK64TRANSMUTE
ago 09 10:22:07 lfgs-d77mk kernel: evm: security.SMACK64MMAP
ago 09 10:22:07 lfgs-d77mk kernel: evm: security.apparmor
ago 09 10:22:07 lfgs-d77mk kernel: evm: security.ima
ago 09 10:22:07 lfgs-d77mk kernel: evm: security.capability
ago 09 10:22:07 lfgs-d77mk kernel: evm: HMAC attrs: 0x1
ago 09 10:22:07 lfgs-d77mk kernel: PM:   Magic number: 3:994:383
ago 09 10:22:07 lfgs-d77mk kernel: usb usb1: hash matches
ago 09 10:22:07 lfgs-d77mk kernel: RAS: Correctable Errors collector initialized.
ago 09 10:22:07 lfgs-d77mk kernel: Freeing unused decrypted memory: 2036K
ago 09 10:22:07 lfgs-d77mk kernel: Freeing unused kernel image (initmem) memory: 4664K
ago 09 10:22:07 lfgs-d77mk kernel: Write protecting the kernel read-only data: 34816k
ago 09 10:22:07 lfgs-d77mk kernel: Freeing unused kernel image (rodata/data gap) memory: 1640K
ago 09 10:22:07 lfgs-d77mk kernel: usb 1-1: New USB device found, idVendor=8087, idProduct=0024, bcdDevice= 0.00
ago 09 10:22:07 lfgs-d77mk kernel: usb 1-1: New USB device strings: Mfr=0, Product=0, SerialNumber=0
ago 09 10:22:07 lfgs-d77mk kernel: hub 1-1:1.0: USB hub found
ago 09 10:22:07 lfgs-d77mk kernel: hub 1-1:1.0: 6 ports detected
ago 09 10:22:07 lfgs-d77mk kernel: x86/mm: Checked W+X mappings: passed, no W+X pages found.
ago 09 10:22:07 lfgs-d77mk kernel: x86/mm: Checking user space page tables
ago 09 10:22:07 lfgs-d77mk kernel: usb 2-1: New USB device found, idVendor=8087, idProduct=0024, bcdDevice= 0.00
ago 09 10:22:07 lfgs-d77mk kernel: usb 2-1: New USB device strings: Mfr=0, Product=0, SerialNumber=0
ago 09 10:22:07 lfgs-d77mk kernel: hub 2-1:1.0: USB hub found
ago 09 10:22:07 lfgs-d77mk kernel: hub 2-1:1.0: 8 ports detected
ago 09 10:22:07 lfgs-d77mk kernel: x86/mm: Checked W+X mappings: passed, no W+X pages found.
ago 09 10:22:07 lfgs-d77mk kernel: Run /init as init process
ago 09 10:22:07 lfgs-d77mk kernel:   with arguments:
ago 09 10:22:07 lfgs-d77mk kernel:     /init
ago 09 10:22:07 lfgs-d77mk kernel:     splash
ago 09 10:22:07 lfgs-d77mk kernel:   with environment:
ago 09 10:22:07 lfgs-d77mk kernel:     HOME=/
ago 09 10:22:07 lfgs-d77mk kernel:     TERM=linux
ago 09 10:22:07 lfgs-d77mk kernel:     BOOT_IMAGE=/boot/vmlinuz-6.2.0-26-generic
ago 09 10:22:07 lfgs-d77mk kernel: xhci_hcd 0000:00:14.0: xHCI Host Controller
ago 09 10:22:07 lfgs-d77mk kernel: xhci_hcd 0000:00:14.0: new USB bus registered, assigned bus number 3
ago 09 10:22:07 lfgs-d77mk kernel: xhci_hcd 0000:00:14.0: hcc params 0x20007181 hci version 0x100 quirks 0x000000000000b930
ago 09 10:22:07 lfgs-d77mk kernel: xhci_hcd 0000:00:14.0: xHCI Host Controller
ago 09 10:22:07 lfgs-d77mk kernel: xhci_hcd 0000:00:14.0: new USB bus registered, assigned bus number 4
ago 09 10:22:07 lfgs-d77mk kernel: xhci_hcd 0000:00:14.0: Host supports USB 3.0 SuperSpeed
ago 09 10:22:07 lfgs-d77mk kernel: usb usb3: New USB device found, idVendor=1d6b, idProduct=0002, bcdDevice= 6.02
ago 09 10:22:07 lfgs-d77mk kernel: usb usb3: New USB device strings: Mfr=3, Product=2, SerialNumber=1
ago 09 10:22:07 lfgs-d77mk kernel: usb usb3: Product: xHCI Host Controller
ago 09 10:22:07 lfgs-d77mk kernel: usb usb3: Manufacturer: Linux 6.2.0-26-generic xhci-hcd
ago 09 10:22:07 lfgs-d77mk kernel: usb usb3: SerialNumber: 0000:00:14.0
ago 09 10:22:07 lfgs-d77mk kernel: hub 3-0:1.0: USB hub found
ago 09 10:22:07 lfgs-d77mk kernel: hub 3-0:1.0: 4 ports detected
ago 09 10:22:07 lfgs-d77mk kernel: usb usb4: New USB device found, idVendor=1d6b, idProduct=0003, bcdDevice= 6.02
ago 09 10:22:07 lfgs-d77mk kernel: usb usb4: New USB device strings: Mfr=3, Product=2, SerialNumber=1
ago 09 10:22:07 lfgs-d77mk kernel: usb usb4: Product: xHCI Host Controller
ago 09 10:22:07 lfgs-d77mk kernel: usb usb4: Manufacturer: Linux 6.2.0-26-generic xhci-hcd
ago 09 10:22:07 lfgs-d77mk kernel: usb usb4: SerialNumber: 0000:00:14.0
ago 09 10:22:07 lfgs-d77mk kernel: hub 4-0:1.0: USB hub found
ago 09 10:22:07 lfgs-d77mk kernel: hub 4-0:1.0: 4 ports detected
ago 09 10:22:07 lfgs-d77mk kernel: i801_smbus 0000:00:1f.3: SMBus using PCI interrupt
ago 09 10:22:07 lfgs-d77mk kernel: e1000e: Intel(R) PRO/1000 Network Driver
ago 09 10:22:07 lfgs-d77mk kernel: e1000e: Copyright(c) 1999 - 2015 Intel Corporation.
ago 09 10:22:07 lfgs-d77mk kernel: e1000e 0000:00:19.0: Interrupt Throttling Rate (ints/sec) set to dynamic conservative mode
ago 09 10:22:07 lfgs-d77mk kernel: ACPI Warning: SystemIO range 0x0000000000000428-0x000000000000042F conflicts with OpRegion 0x0000000000000400-0x000000000000047F (\PMIO) (20221020/utaddress-204)
ago 09 10:22:07 lfgs-d77mk kernel: ACPI: OSL: Resource conflict; ACPI support missing from driver?
ago 09 10:22:07 lfgs-d77mk kernel: ACPI Warning: SystemIO range 0x0000000000000540-0x000000000000054F conflicts with OpRegion 0x0000000000000500-0x0000000000000563 (\GPIO) (20221020/utaddress-204)
ago 09 10:22:07 lfgs-d77mk kernel: ACPI: OSL: Resource conflict; ACPI support missing from driver?
ago 09 10:22:07 lfgs-d77mk kernel: ACPI Warning: SystemIO range 0x0000000000000530-0x000000000000053F conflicts with OpRegion 0x0000000000000500-0x0000000000000563 (\GPIO) (20221020/utaddress-204)
ago 09 10:22:07 lfgs-d77mk kernel: ACPI: OSL: Resource conflict; ACPI support missing from driver?
ago 09 10:22:07 lfgs-d77mk kernel: ACPI Warning: SystemIO range 0x0000000000000500-0x000000000000052F conflicts with OpRegion 0x0000000000000500-0x0000000000000563 (\GPIO) (20221020/utaddress-204)
ago 09 10:22:07 lfgs-d77mk kernel: ACPI: OSL: Resource conflict; ACPI support missing from driver?
ago 09 10:22:07 lfgs-d77mk kernel: lpc_ich: Resource conflict(s) found affecting gpio_ich
ago 09 10:22:07 lfgs-d77mk kernel: i2c i2c-0: 2/4 memory slots populated (from DMI)
ago 09 10:22:07 lfgs-d77mk kernel: i2c i2c-0: Successfully instantiated SPD at 0x51
ago 09 10:22:07 lfgs-d77mk kernel: i2c i2c-0: Successfully instantiated SPD at 0x53
ago 09 10:22:07 lfgs-d77mk kernel: ahci 0000:00:1f.2: version 3.0
ago 09 10:22:07 lfgs-d77mk kernel: ahci 0000:00:1f.2: SSS flag set, parallel bus scan disabled
ago 09 10:22:07 lfgs-d77mk kernel: ahci 0000:00:1f.2: AHCI 0001.0300 32 slots 6 ports 6 Gbps 0x22 impl SATA mode
ago 09 10:22:07 lfgs-d77mk kernel: ahci 0000:00:1f.2: flags: 64bit ncq stag pm led clo pio slum part ems sxs apst 
ago 09 10:22:07 lfgs-d77mk kernel: scsi host0: ahci
ago 09 10:22:07 lfgs-d77mk kernel: scsi host1: ahci
ago 09 10:22:07 lfgs-d77mk kernel: scsi host2: ahci
ago 09 10:22:07 lfgs-d77mk kernel: scsi host3: ahci
ago 09 10:22:07 lfgs-d77mk kernel: scsi host4: ahci
ago 09 10:22:07 lfgs-d77mk kernel: scsi host5: ahci
ago 09 10:22:07 lfgs-d77mk kernel: ata1: DUMMY
ago 09 10:22:07 lfgs-d77mk kernel: ata2: SATA max UDMA/133 abar m2048@0xf7f36000 port 0xf7f36180 irq 28
ago 09 10:22:07 lfgs-d77mk kernel: ata3: DUMMY
ago 09 10:22:07 lfgs-d77mk kernel: ata4: DUMMY
ago 09 10:22:07 lfgs-d77mk kernel: ata5: DUMMY
ago 09 10:22:07 lfgs-d77mk kernel: ata6: SATA max UDMA/133 abar m2048@0xf7f36000 port 0xf7f36380 irq 28
ago 09 10:22:07 lfgs-d77mk kernel: firewire_ohci 0000:04:03.0: added OHCI v1.0 device as card 0, 8 IR + 8 IT contexts, quirks 0x0
ago 09 10:22:07 lfgs-d77mk kernel: e1000e 0000:00:19.0 0000:00:19.0 (uninitialized): registered PHC clock
ago 09 10:22:07 lfgs-d77mk kernel: usb 1-1.1: new full-speed USB device number 3 using ehci-pci
ago 09 10:22:07 lfgs-d77mk kernel: e1000e 0000:00:19.0 eth0: (PCI Express:2.5GT/s:Width x1) 70:54:d2:8f:e2:b0
ago 09 10:22:07 lfgs-d77mk kernel: e1000e 0000:00:19.0 eth0: Intel(R) PRO/1000 Network Connection
ago 09 10:22:07 lfgs-d77mk kernel: e1000e 0000:00:19.0 eth0: MAC: 10, PHY: 11, PBA No: FFFFFF-0FF
ago 09 10:22:07 lfgs-d77mk kernel: e1000e 0000:03:00.0: Disabling ASPM  L1
ago 09 10:22:07 lfgs-d77mk kernel: e1000e 0000:03:00.0: can't disable ASPM; OS doesn't have ASPM control
ago 09 10:22:07 lfgs-d77mk kernel: e1000e 0000:03:00.0: Interrupt Throttling Rate (ints/sec) set to dynamic conservative mode
ago 09 10:22:07 lfgs-d77mk kernel: usb 1-1.1: New USB device found, idVendor=413c, idProduct=1003, bcdDevice= 2.00
ago 09 10:22:07 lfgs-d77mk kernel: usb 1-1.1: New USB device strings: Mfr=1, Product=2, SerialNumber=0
ago 09 10:22:07 lfgs-d77mk kernel: usb 1-1.1: Product: Dell USB Keyboard Hub
ago 09 10:22:07 lfgs-d77mk kernel: usb 1-1.1: Manufacturer: Dell
ago 09 10:22:07 lfgs-d77mk kernel: hub 1-1.1:1.0: USB hub found
ago 09 10:22:07 lfgs-d77mk kernel: hub 1-1.1:1.0: 3 ports detected
ago 09 10:22:07 lfgs-d77mk kernel: e1000e 0000:03:00.0 0000:03:00.0 (uninitialized): registered PHC clock
ago 09 10:22:07 lfgs-d77mk kernel: tsc: Refined TSC clocksource calibration: 3192.746 MHz
ago 09 10:22:07 lfgs-d77mk kernel: clocksource: tsc: mask: 0xffffffffffffffff max_cycles: 0x2e058540c6e, max_idle_ns: 440795222505 ns
ago 09 10:22:07 lfgs-d77mk kernel: clocksource: Switched to clocksource tsc
ago 09 10:22:07 lfgs-d77mk kernel: e1000e 0000:03:00.0 eth1: (PCI Express:2.5GT/s:Width x1) 70:54:d2:8f:e2:b1
ago 09 10:22:07 lfgs-d77mk kernel: e1000e 0000:03:00.0 eth1: Intel(R) PRO/1000 Network Connection
ago 09 10:22:07 lfgs-d77mk kernel: e1000e 0000:03:00.0 eth1: MAC: 3, PHY: 8, PBA No: FFFFFF-0FF
ago 09 10:22:07 lfgs-d77mk kernel: usb 1-1.2: new full-speed USB device number 4 using ehci-pci
ago 09 10:22:07 lfgs-d77mk kernel: ata2: SATA link up 3.0 Gbps (SStatus 123 SControl 300)
ago 09 10:22:07 lfgs-d77mk kernel: ata2.00: ACPI cmd f5/00:00:00:00:00:00(SECURITY FREEZE LOCK) filtered out
ago 09 10:22:07 lfgs-d77mk kernel: ata2.00: ACPI cmd b1/c1:00:00:00:00:00(DEVICE CONFIGURATION OVERLAY) filtered out
ago 09 10:22:07 lfgs-d77mk kernel: ata2.00: ATA-8: FUJITSU MJA2320BH G2, 00000018, max UDMA/100
ago 09 10:22:07 lfgs-d77mk kernel: ata2.00: 625142448 sectors, multi 16: LBA48 NCQ (depth 32), AA
ago 09 10:22:07 lfgs-d77mk kernel: ata2.00: ACPI cmd f5/00:00:00:00:00:00(SECURITY FREEZE LOCK) filtered out
ago 09 10:22:07 lfgs-d77mk kernel: ata2.00: ACPI cmd b1/c1:00:00:00:00:00(DEVICE CONFIGURATION OVERLAY) filtered out
ago 09 10:22:07 lfgs-d77mk kernel: ata2.00: configured for UDMA/100
ago 09 10:22:07 lfgs-d77mk kernel: scsi 1:0:0:0: Direct-Access     ATA      FUJITSU MJA2320B 0018 PQ: 0 ANSI: 5
ago 09 10:22:07 lfgs-d77mk kernel: sd 1:0:0:0: Attached scsi generic sg0 type 0
ago 09 10:22:07 lfgs-d77mk kernel: sd 1:0:0:0: [sda] 625142448 512-byte logical blocks: (320 GB/298 GiB)
ago 09 10:22:07 lfgs-d77mk kernel: sd 1:0:0:0: [sda] Write Protect is off
ago 09 10:22:07 lfgs-d77mk kernel: sd 1:0:0:0: [sda] Mode Sense: 00 3a 00 00
ago 09 10:22:07 lfgs-d77mk kernel: sd 1:0:0:0: [sda] Write cache: enabled, read cache: enabled, doesn't support DPO or FUA
ago 09 10:22:07 lfgs-d77mk kernel: sd 1:0:0:0: [sda] Preferred minimum I/O size 512 bytes
ago 09 10:22:07 lfgs-d77mk kernel: usb 1-1.2: New USB device found, idVendor=0d8c, idProduct=0005, bcdDevice= 1.00
ago 09 10:22:07 lfgs-d77mk kernel: usb 1-1.2: New USB device strings: Mfr=1, Product=2, SerialNumber=3
ago 09 10:22:07 lfgs-d77mk kernel: usb 1-1.2: Product: USB MICROPHONE
ago 09 10:22:07 lfgs-d77mk kernel: usb 1-1.2: Manufacturer: MICE MICROPHONE
ago 09 10:22:07 lfgs-d77mk kernel: usb 1-1.2: SerialNumber: 201308
ago 09 10:22:07 lfgs-d77mk kernel:  sda: sda1 sda2 < sda5 sda6 >
ago 09 10:22:07 lfgs-d77mk kernel: sd 1:0:0:0: [sda] Attached SCSI disk
ago 09 10:22:07 lfgs-d77mk kernel: hid: raw HID events driver (C) Jiri Kosina
ago 09 10:22:07 lfgs-d77mk kernel: usb 1-1.5: new full-speed USB device number 5 using ehci-pci
ago 09 10:22:07 lfgs-d77mk kernel: firewire_core 0000:04:03.0: created device fw0: GUID e0cb4e000017dc1e, S400
ago 09 10:22:07 lfgs-d77mk kernel: usb 1-1.5: New USB device found, idVendor=058f, idProduct=9360, bcdDevice= 1.00
ago 09 10:22:07 lfgs-d77mk kernel: usb 1-1.5: New USB device strings: Mfr=1, Product=2, SerialNumber=3
ago 09 10:22:07 lfgs-d77mk kernel: usb 1-1.5: Product: USB Reader
ago 09 10:22:07 lfgs-d77mk kernel: usb 1-1.5: Manufacturer:  
ago 09 10:22:07 lfgs-d77mk kernel: usb 1-1.5: SerialNumber: 2004888
ago 09 10:22:07 lfgs-d77mk kernel: usb-storage 1-1.5:1.0: USB Mass Storage device detected
ago 09 10:22:07 lfgs-d77mk kernel: scsi host6: usb-storage 1-1.5:1.0
ago 09 10:22:07 lfgs-d77mk kernel: usbcore: registered new interface driver usb-storage
ago 09 10:22:07 lfgs-d77mk kernel: usb 1-1.1.1: new full-speed USB device number 6 using ehci-pci
ago 09 10:22:07 lfgs-d77mk kernel: ata6: SATA link down (SStatus 0 SControl 300)
ago 09 10:22:07 lfgs-d77mk kernel: usbcore: registered new interface driver uas
ago 09 10:22:07 lfgs-d77mk kernel: usbcore: registered new interface driver usbhid
ago 09 10:22:07 lfgs-d77mk kernel: usbhid: USB HID core driver
ago 09 10:22:07 lfgs-d77mk kernel: e1000e 0000:00:19.0 eno1: renamed from eth0
ago 09 10:22:07 lfgs-d77mk kernel: hid-generic 0003:0D8C:0005.0001: No inputs registered, leaving
ago 09 10:22:07 lfgs-d77mk kernel: fbcon: Taking over console
ago 09 10:22:07 lfgs-d77mk kernel: Console: switching to colour frame buffer device 80x30
ago 09 10:22:07 lfgs-d77mk kernel: hid-generic 0003:0D8C:0005.0001: hidraw0: USB HID v1.11 Device [MICE MICROPHONE USB MICROPHONE] on usb-0000:00:1a.0-1.2/input2
ago 09 10:22:07 lfgs-d77mk kernel: usb 1-1.1.1: New USB device found, idVendor=413c, idProduct=2010, bcdDevice= 2.00
ago 09 10:22:07 lfgs-d77mk kernel: usb 1-1.1.1: New USB device strings: Mfr=1, Product=3, SerialNumber=0
ago 09 10:22:07 lfgs-d77mk kernel: usb 1-1.1.1: Product: Dell USB Keyboard
ago 09 10:22:07 lfgs-d77mk kernel: usb 1-1.1.1: Manufacturer: Dell
ago 09 10:22:07 lfgs-d77mk kernel: input: Dell Dell USB Keyboard as /devices/pci0000:00/0000:00:1a.0/usb1/1-1/1-1.1/1-1.1.1/1-1.1.1:1.0/0003:413C:2010.0002/input/input3
ago 09 10:22:07 lfgs-d77mk kernel: hid-generic 0003:413C:2010.0002: input,hidraw1: USB HID v1.10 Keyboard [Dell Dell USB Keyboard] on usb-0000:00:1a.0-1.1.1/input0
ago 09 10:22:07 lfgs-d77mk kernel: input: Dell Dell USB Keyboard Consumer Control as /devices/pci0000:00/0000:00:1a.0/usb1/1-1/1-1.1/1-1.1.1/1-1.1.1:1.1/0003:413C:2010.0003/input/input4
ago 09 10:22:07 lfgs-d77mk kernel: input: Dell Dell USB Keyboard System Control as /devices/pci0000:00/0000:00:1a.0/usb1/1-1/1-1.1/1-1.1.1/1-1.1.1:1.1/0003:413C:2010.0003/input/input5
ago 09 10:22:07 lfgs-d77mk kernel: hid-generic 0003:413C:2010.0003: input,hidraw2: USB HID v1.10 Device [Dell Dell USB Keyboard] on usb-0000:00:1a.0-1.1.1/input1
ago 09 10:22:07 lfgs-d77mk kernel: usb 1-1.1.2: new low-speed USB device number 7 using ehci-pci
ago 09 10:22:07 lfgs-d77mk kernel: usb 1-1.1.2: New USB device found, idVendor=0000, idProduct=3825, bcdDevice= 1.00
ago 09 10:22:07 lfgs-d77mk kernel: usb 1-1.1.2: New USB device strings: Mfr=0, Product=1, SerialNumber=0
ago 09 10:22:07 lfgs-d77mk kernel: usb 1-1.1.2: Product:  USB OPTICAL MOUSE
ago 09 10:22:07 lfgs-d77mk kernel: input:  USB OPTICAL MOUSE as /devices/pci0000:00/0000:00:1a.0/usb1/1-1/1-1.1/1-1.1.2/1-1.1.2:1.0/0003:0000:3825.0004/input/input6
ago 09 10:22:07 lfgs-d77mk kernel: hid-generic 0003:0000:3825.0004: input,hidraw3: USB HID v1.11 Mouse [ USB OPTICAL MOUSE] on usb-0000:00:1a.0-1.1.2/input0
ago 09 10:22:07 lfgs-d77mk kernel: scsi 6:0:0:0: Direct-Access     Generic  USB SD Reader    1.00 PQ: 0 ANSI: 0
ago 09 10:22:07 lfgs-d77mk kernel: scsi 6:0:0:1: Direct-Access     Generic  USB CF Reader    1.01 PQ: 0 ANSI: 0
ago 09 10:22:07 lfgs-d77mk kernel: scsi 6:0:0:2: Direct-Access     Generic  USB SM Reader    1.02 PQ: 0 ANSI: 0
ago 09 10:22:07 lfgs-d77mk kernel: scsi 6:0:0:3: Direct-Access     Generic  USB MS Reader    1.03 PQ: 0 ANSI: 0
ago 09 10:22:07 lfgs-d77mk kernel: sd 6:0:0:0: Attached scsi generic sg1 type 0
ago 09 10:22:07 lfgs-d77mk kernel: sd 6:0:0:1: Attached scsi generic sg2 type 0
ago 09 10:22:07 lfgs-d77mk kernel: sd 6:0:0:2: Attached scsi generic sg3 type 0
ago 09 10:22:07 lfgs-d77mk kernel: sd 6:0:0:3: Attached scsi generic sg4 type 0
ago 09 10:22:07 lfgs-d77mk kernel: sd 6:0:0:0: [sdb] Media removed, stopped polling
ago 09 10:22:07 lfgs-d77mk kernel: sd 6:0:0:0: [sdb] Attached SCSI removable disk
ago 09 10:22:07 lfgs-d77mk kernel: sd 6:0:0:1: [sdc] Media removed, stopped polling
ago 09 10:22:07 lfgs-d77mk kernel: sd 6:0:0:2: [sdd] Media removed, stopped polling
ago 09 10:22:07 lfgs-d77mk kernel: sd 6:0:0:3: [sde] Media removed, stopped polling
ago 09 10:22:07 lfgs-d77mk kernel: sd 6:0:0:2: [sdd] Attached SCSI removable disk
ago 09 10:22:07 lfgs-d77mk kernel: sd 6:0:0:3: [sde] Attached SCSI removable disk
ago 09 10:22:07 lfgs-d77mk kernel: sd 6:0:0:1: [sdc] Attached SCSI removable disk
ago 09 10:22:07 lfgs-d77mk kernel: EXT4-fs (sda6): mounted filesystem 53d19d5e-0d11-4a46-8cb0-0d19ac591d1d with ordered data mode. Quota mode: none.
ago 09 10:22:07 lfgs-d77mk systemd[1]: Inserted module 'autofs4'
ago 09 10:22:07 lfgs-d77mk systemd[1]: systemd 249.11-0ubuntu3.9 running in system mode (+PAM +AUDIT +SELINUX +APPARMOR +IMA +SMACK +SECCOMP +GCRYPT +GNUTLS +OPENSSL +ACL +BLKID +CURL +ELFUTILS +FIDO2 +IDN2 -IDN +IPTC +KMOD +LIBCRYPTSETUP +LIBFDISK +PCRE2 -PWQUALITY -P11KIT -QRENCODE +BZIP2 +LZ4 +XZ +ZLIB +ZSTD -XKBCOMMON +UTMP +SYSVINIT default-hierarchy=unified)
ago 09 10:22:07 lfgs-d77mk systemd[1]: Detected architecture x86-64.
ago 09 10:22:07 lfgs-d77mk systemd[1]: Hostname set to <lfgs-d77mk>.
ago 09 10:22:07 lfgs-d77mk systemd[1]: Queued start job for default target Graphical Interface.
ago 09 10:22:07 lfgs-d77mk systemd[1]: Created slice Slice /system/modprobe.
ago 09 10:22:07 lfgs-d77mk systemd[1]: Created slice Slice /system/systemd-fsck.
ago 09 10:22:07 lfgs-d77mk systemd[1]: Created slice User and Session Slice.
ago 09 10:22:07 lfgs-d77mk systemd[1]: Started Forward Password Requests to Wall Directory Watch.
ago 09 10:22:07 lfgs-d77mk systemd[1]: Set up automount Arbitrary Executable File Formats File System Automount Point.
ago 09 10:22:07 lfgs-d77mk systemd[1]: Reached target User and Group Name Lookups.
ago 09 10:22:07 lfgs-d77mk systemd[1]: Reached target Remote File Systems.
ago 09 10:22:07 lfgs-d77mk systemd[1]: Reached target Slice Units.
ago 09 10:22:07 lfgs-d77mk systemd[1]: Reached target Mounting snaps.
ago 09 10:22:07 lfgs-d77mk systemd[1]: Reached target Local Verity Protected Volumes.
ago 09 10:22:07 lfgs-d77mk systemd[1]: Listening on Syslog Socket.
ago 09 10:22:07 lfgs-d77mk systemd[1]: Listening on fsck to fsckd communication Socket.
ago 09 10:22:07 lfgs-d77mk systemd[1]: Listening on initctl Compatibility Named Pipe.
ago 09 10:22:07 lfgs-d77mk systemd[1]: Listening on Journal Audit Socket.
ago 09 10:22:07 lfgs-d77mk systemd[1]: Listening on Journal Socket (/dev/log).
ago 09 10:22:07 lfgs-d77mk systemd[1]: Listening on Journal Socket.
ago 09 10:22:07 lfgs-d77mk systemd[1]: Listening on udev Control Socket.
ago 09 10:22:07 lfgs-d77mk systemd[1]: Listening on udev Kernel Socket.
ago 09 10:22:07 lfgs-d77mk systemd[1]: Mounting Huge Pages File System...
ago 09 10:22:07 lfgs-d77mk systemd[1]: Mounting POSIX Message Queue File System...
ago 09 10:22:07 lfgs-d77mk systemd[1]: Mounting Kernel Debug File System...
ago 09 10:22:07 lfgs-d77mk systemd[1]: Mounting Kernel Trace File System...
ago 09 10:22:07 lfgs-d77mk systemd[1]: Starting Journal Service...
ago 09 10:22:07 lfgs-d77mk systemd[1]: Starting Set the console keyboard layout...
ago 09 10:22:07 lfgs-d77mk systemd[1]: Starting Create List of Static Device Nodes...
ago 09 10:22:07 lfgs-d77mk systemd[1]: Starting Load Kernel Module chromeos_pstore...
ago 09 10:22:07 lfgs-d77mk systemd[1]: Starting Load Kernel Module configfs...
ago 09 10:22:07 lfgs-d77mk systemd[1]: Starting Load Kernel Module drm...
ago 09 10:22:07 lfgs-d77mk systemd[1]: Starting Load Kernel Module efi_pstore...
ago 09 10:22:07 lfgs-d77mk systemd[1]: Starting Load Kernel Module fuse...
ago 09 10:22:07 lfgs-d77mk systemd[1]: Starting Load Kernel Module pstore_blk...
ago 09 10:22:07 lfgs-d77mk systemd[1]: Starting Load Kernel Module pstore_zone...
ago 09 10:22:07 lfgs-d77mk systemd[1]: Starting Load Kernel Module ramoops...
ago 09 10:22:07 lfgs-d77mk systemd[1]: Condition check resulted in File System Check on Root Device being skipped.
ago 09 10:22:07 lfgs-d77mk kernel: ACPI: bus type drm_connector registered
ago 09 10:22:07 lfgs-d77mk systemd[1]: Starting Load Kernel Modules...
ago 09 10:22:07 lfgs-d77mk systemd[1]: Starting Remount Root and Kernel File Systems...
ago 09 10:22:07 lfgs-d77mk systemd[1]: Starting Coldplug All udev Devices...
ago 09 10:22:07 lfgs-d77mk systemd[1]: Mounted Huge Pages File System.
ago 09 10:22:07 lfgs-d77mk systemd[1]: Mounted POSIX Message Queue File System.
ago 09 10:22:07 lfgs-d77mk systemd[1]: Mounted Kernel Debug File System.
ago 09 10:22:07 lfgs-d77mk systemd[1]: Mounted Kernel Trace File System.
ago 09 10:22:07 lfgs-d77mk systemd[1]: Finished Create List of Static Device Nodes.
ago 09 10:22:07 lfgs-d77mk systemd[1]: modprobe@configfs.service: Deactivated successfully.
ago 09 10:22:07 lfgs-d77mk systemd[1]: Finished Load Kernel Module configfs.
ago 09 10:22:07 lfgs-d77mk systemd[1]: modprobe@chromeos_pstore.service: Deactivated successfully.
ago 09 10:22:07 lfgs-d77mk systemd[1]: Finished Load Kernel Module chromeos_pstore.
ago 09 10:22:07 lfgs-d77mk systemd[1]: modprobe@drm.service: Deactivated successfully.
ago 09 10:22:07 lfgs-d77mk systemd[1]: Finished Load Kernel Module drm.
ago 09 10:22:07 lfgs-d77mk systemd[1]: modprobe@efi_pstore.service: Deactivated successfully.
ago 09 10:22:07 lfgs-d77mk systemd[1]: Finished Load Kernel Module efi_pstore.
ago 09 10:22:07 lfgs-d77mk systemd[1]: modprobe@fuse.service: Deactivated successfully.
ago 09 10:22:07 lfgs-d77mk systemd[1]: Finished Load Kernel Module fuse.
ago 09 10:22:07 lfgs-d77mk systemd[1]: modprobe@pstore_zone.service: Deactivated successfully.
ago 09 10:22:07 lfgs-d77mk systemd[1]: Finished Load Kernel Module pstore_zone.
ago 09 10:22:07 lfgs-d77mk systemd[1]: modprobe@ramoops.service: Deactivated successfully.
ago 09 10:22:07 lfgs-d77mk systemd[1]: Finished Load Kernel Module ramoops.
ago 09 10:22:07 lfgs-d77mk systemd[1]: Mounting FUSE Control File System...
ago 09 10:22:07 lfgs-d77mk systemd[1]: Mounting Kernel Configuration File System...
ago 09 10:22:07 lfgs-d77mk systemd[1]: Mounted FUSE Control File System.
ago 09 10:22:07 lfgs-d77mk systemd[1]: Mounted Kernel Configuration File System.
ago 09 10:22:07 lfgs-d77mk systemd-journald[245]: Journal started
ago 09 10:22:07 lfgs-d77mk systemd-journald[245]: Runtime Journal (/run/log/journal/0f050769a90a4409aadf90b73e59b59c) is 8.0M, max 77.5M, 69.5M free.
ago 09 10:22:07 lfgs-d77mk systemd[1]: Started Journal Service.
ago 09 10:22:07 lfgs-d77mk systemd[1]: modprobe@pstore_blk.service: Deactivated successfully.
ago 09 10:22:07 lfgs-d77mk systemd[1]: Finished Load Kernel Module pstore_blk.
ago 09 10:22:07 lfgs-d77mk systemd[1]: Finished Remount Root and Kernel File Systems.
ago 09 10:22:07 lfgs-d77mk kernel: EXT4-fs (sda6): re-mounted 53d19d5e-0d11-4a46-8cb0-0d19ac591d1d. Quota mode: none.
ago 09 10:22:07 lfgs-d77mk systemd[1]: Starting Flush Journal to Persistent Storage...
ago 09 10:22:07 lfgs-d77mk systemd[1]: Condition check resulted in Platform Persistent Storage Archival being skipped.
ago 09 10:22:07 lfgs-d77mk systemd[1]: Starting Load/Save Random Seed...
ago 09 10:22:07 lfgs-d77mk systemd[1]: Starting Create System Users...
ago 09 10:22:07 lfgs-d77mk systemd-journald[245]: Time spent on flushing to /var/log/journal/0f050769a90a4409aadf90b73e59b59c is 15.981ms for 1022 entries.
ago 09 10:22:07 lfgs-d77mk systemd-journald[245]: System Journal (/var/log/journal/0f050769a90a4409aadf90b73e59b59c) is 3.2G, max 4.0G, 799.6M free.
ago 09 10:22:19 lfgs-d77mk kernel: lp: driver loaded but no devices found
ago 09 10:22:19 lfgs-d77mk kernel: ppdev: user-space parallel port driver
ago 09 10:22:19 lfgs-d77mk kernel: loop0: detected capacity change from 0 to 8
ago 09 10:22:19 lfgs-d77mk kernel: loop1: detected capacity change from 0 to 242136
ago 09 10:22:19 lfgs-d77mk kernel: loop2: detected capacity change from 0 to 242136
ago 09 10:22:19 lfgs-d77mk kernel: loop3: detected capacity change from 0 to 129936
ago 09 10:22:19 lfgs-d77mk kernel: loop4: detected capacity change from 0 to 129944
ago 09 10:22:19 lfgs-d77mk kernel: loop5: detected capacity change from 0 to 151256
ago 09 10:22:19 lfgs-d77mk kernel: loop6: detected capacity change from 0 to 151296
ago 09 10:22:19 lfgs-d77mk kernel: loop7: detected capacity change from 0 to 500704
ago 09 10:22:19 lfgs-d77mk kernel: loop8: detected capacity change from 0 to 501768
ago 09 10:22:19 lfgs-d77mk kernel: loop9: detected capacity change from 0 to 716168
ago 09 10:22:19 lfgs-d77mk kernel: loop10: detected capacity change from 0 to 716176
ago 09 10:22:19 lfgs-d77mk kernel: loop11: detected capacity change from 0 to 994336
ago 09 10:22:19 lfgs-d77mk kernel: loop12: detected capacity change from 0 to 994336
ago 09 10:22:19 lfgs-d77mk kernel: loop13: detected capacity change from 0 to 187776
ago 09 10:22:19 lfgs-d77mk kernel: loop14: detected capacity change from 0 to 75960
ago 09 10:22:19 lfgs-d77mk kernel: loop15: detected capacity change from 0 to 94064
ago 09 10:22:19 lfgs-d77mk kernel: loop16: detected capacity change from 0 to 25240
ago 09 10:22:19 lfgs-d77mk kernel: loop17: detected capacity change from 0 to 109072
ago 09 10:22:19 lfgs-d77mk kernel: loop18: detected capacity change from 0 to 109072
ago 09 10:22:19 lfgs-d77mk kernel: loop19: detected capacity change from 0 to 856
ago 09 10:22:19 lfgs-d77mk kernel: loop20: detected capacity change from 0 to 904
ago 09 10:22:07 lfgs-d77mk systemd-modules-load[259]: Inserted module 'lp'
ago 09 10:22:07 lfgs-d77mk systemd[1]: Finished Set the console keyboard layout.
ago 09 10:22:08 lfgs-d77mk systemd[1]: Finished Coldplug All udev Devices.
ago 09 10:22:08 lfgs-d77mk systemd-modules-load[259]: Inserted module 'ppdev'
ago 09 10:22:08 lfgs-d77mk systemd-modules-load[259]: Inserted module 'parport_pc'
ago 09 10:22:08 lfgs-d77mk systemd-modules-load[259]: Inserted module 'msr'
ago 09 10:22:08 lfgs-d77mk systemd[1]: Finished Load Kernel Modules.
ago 09 10:22:08 lfgs-d77mk systemd[1]: Starting Apply Kernel Variables...
ago 09 10:22:08 lfgs-d77mk systemd[1]: Finished Create System Users.
